Archive member included to satisfy reference by file (symbol)

/opt/esp-open-sdk/sdk/lib/libmain.a(debug-vector.o)
                              (_DebugExceptionVector)
/opt/esp-open-sdk/sdk/lib/libmain.a(double-vector.o)
                              (_DoubleExceptionVector)
/opt/esp-open-sdk/sdk/lib/libmain.a(kernel-vector.o)
                              (_KernelExceptionVector)
/opt/esp-open-sdk/sdk/lib/libmain.a(nmi-vector.o)
                              (_NMIExceptionVector)
/opt/esp-open-sdk/sdk/lib/libmain.a(user-vector.o)
                              (_UserExceptionVector)
/opt/esp-open-sdk/sdk/lib/libmain.a(vector.o)
                              (call_user_start)
/opt/esp-open-sdk/sdk/lib/libmain.a(app_main.o)
                              /opt/esp-open-sdk/sdk/lib/libmain.a(nmi-vector.o) (NMI_Handler)
/opt/esp-open-sdk/sdk/lib/libmain.a(ets_timer.o)
                              /opt/esp-open-sdk/sdk/lib/libmain.a(app_main.o) (ets_timer_setfn)
/opt/esp-open-sdk/sdk/lib/libmain.a(mem_manager.o)
                              /opt/esp-open-sdk/sdk/lib/libmain.a(app_main.o) (vPortFree)
/opt/esp-open-sdk/sdk/lib/libmain.a(spi_flash.o)
                              /opt/esp-open-sdk/sdk/lib/libmain.a(app_main.o) (spi_flash_get_id)
/opt/esp-open-sdk/sdk/lib/libmain.a(user_interface.o)
                              /opt/esp-open-sdk/sdk/lib/libmain.a(app_main.o) (done_cb)
/opt/esp-open-sdk/sdk/lib/libmain.a(user_rf_cal_sector_set.o)
                              /opt/esp-open-sdk/sdk/lib/libmain.a(app_main.o) (user_rf_cal_sector_set)
/opt/esp-open-sdk/sdk/lib/libmain.a(eagle_lib.o)
                              /opt/esp-open-sdk/sdk/lib/libmain.a(user_interface.o) (ets_sprintf)
/opt/esp-open-sdk/sdk/lib/libmain.a(eagle_lwip_if.o)
                              /opt/esp-open-sdk/sdk/lib/libmain.a(user_interface.o) (hostname)
build/app_app.a(user_main.o)  /opt/esp-open-sdk/sdk/lib/libmain.a(app_main.o) (user_init)
build/app_app.a(esp_nano_httpd.o)
                              build/app_app.a(user_main.o) (resp_http_ok)
build/app_app.a(nano_httpd_wifi_util.o)
                              build/app_app.a(user_main.o) (wifi_callback)
/opt/esp-open-sdk/xtensa-lx106-elf/lib/gcc/xtensa-lx106-elf/4.8.5/../../../../xtensa-lx106-elf/lib/libc.a(lib_a-atoi.o)
                              build/app_app.a(user_main.o) (atoi)
/opt/esp-open-sdk/xtensa-lx106-elf/lib/gcc/xtensa-lx106-elf/4.8.5/../../../../xtensa-lx106-elf/lib/libc.a(lib_a-memcpy.o)
                              build/app_app.a(esp_nano_httpd.o) (memcpy)
/opt/esp-open-sdk/xtensa-lx106-elf/lib/gcc/xtensa-lx106-elf/4.8.5/../../../../xtensa-lx106-elf/lib/libc.a(lib_a-memset.o)
                              build/app_app.a(nano_httpd_wifi_util.o) (memset)
/opt/esp-open-sdk/xtensa-lx106-elf/lib/gcc/xtensa-lx106-elf/4.8.5/../../../../xtensa-lx106-elf/lib/libc.a(lib_a-strchr.o)
                              build/app_app.a(user_main.o) (strchr)
/opt/esp-open-sdk/xtensa-lx106-elf/lib/gcc/xtensa-lx106-elf/4.8.5/../../../../xtensa-lx106-elf/lib/libc.a(lib_a-strcmp.o)
                              build/app_app.a(esp_nano_httpd.o) (strcmp)
/opt/esp-open-sdk/xtensa-lx106-elf/lib/gcc/xtensa-lx106-elf/4.8.5/../../../../xtensa-lx106-elf/lib/libc.a(lib_a-strlen.o)
                              build/app_app.a(esp_nano_httpd.o) (strlen)
/opt/esp-open-sdk/xtensa-lx106-elf/lib/gcc/xtensa-lx106-elf/4.8.5/../../../../xtensa-lx106-elf/lib/libc.a(lib_a-strstr.o)
                              build/app_app.a(esp_nano_httpd.o) (strstr)
/opt/esp-open-sdk/xtensa-lx106-elf/lib/gcc/xtensa-lx106-elf/4.8.5/../../../../xtensa-lx106-elf/lib/libc.a(lib_a-strtok.o)
                              build/app_app.a(user_main.o) (strtok)
/opt/esp-open-sdk/xtensa-lx106-elf/lib/gcc/xtensa-lx106-elf/4.8.5/../../../../xtensa-lx106-elf/lib/libc.a(lib_a-strtok_r.o)
                              /opt/esp-open-sdk/xtensa-lx106-elf/lib/gcc/xtensa-lx106-elf/4.8.5/../../../../xtensa-lx106-elf/lib/libc.a(lib_a-strtok.o) (__strtok_r)
/opt/esp-open-sdk/xtensa-lx106-elf/lib/gcc/xtensa-lx106-elf/4.8.5/../../../../xtensa-lx106-elf/lib/libc.a(lib_a-strtol.o)
                              /opt/esp-open-sdk/xtensa-lx106-elf/lib/gcc/xtensa-lx106-elf/4.8.5/../../../../xtensa-lx106-elf/lib/libc.a(lib_a-atoi.o) (_strtol_r)
/opt/esp-open-sdk/xtensa-lx106-elf/lib/gcc/xtensa-lx106-elf/4.8.5/../../../../xtensa-lx106-elf/lib/libc.a(lib_a-ctype_.o)
                              /opt/esp-open-sdk/xtensa-lx106-elf/lib/gcc/xtensa-lx106-elf/4.8.5/../../../../xtensa-lx106-elf/lib/libc.a(lib_a-strtol.o) (__ctype_ptr__)
/opt/esp-open-sdk/xtensa-lx106-elf/lib/gcc/xtensa-lx106-elf/4.8.5/../../../../xtensa-lx106-elf/lib/libc.a(lib_a-impure.o)
                              /opt/esp-open-sdk/xtensa-lx106-elf/lib/gcc/xtensa-lx106-elf/4.8.5/../../../../xtensa-lx106-elf/lib/libc.a(lib_a-strtok.o) (_impure_ptr)
/opt/esp-open-sdk/xtensa-lx106-elf/xtensa-lx106-elf/sysroot/usr/lib/libhal.a(int_asm--set_intclear.o)
[...]
Memory Configuration

Name             Origin             Length             Attributes
dport0_0_seg     0x000000003ff00000 0x0000000000000010
dram0_0_seg      0x000000003ffe8000 0x0000000000014000
iram1_0_seg      0x0000000040100000 0x0000000000008000
irom0_0_seg      0x0000000040211000 0x000000000006b000
*default*        0x0000000000000000 0xffffffffffffffff

Linker script and memory map

START GROUP
LOAD /opt/esp-open-sdk/xtensa-lx106-elf/lib/gcc/xtensa-lx106-elf/4.8.5/../../../../xtensa-lx106-elf/lib/libc.a
LOAD /opt/esp-open-sdk/sdk/lib/libgcc.a
LOAD /opt/esp-open-sdk/xtensa-lx106-elf/xtensa-lx106-elf/sysroot/usr/lib/libhal.a
LOAD /opt/esp-open-sdk/sdk/lib/libpp.a
LOAD /opt/esp-open-sdk/sdk/lib/libphy.a
LOAD /opt/esp-open-sdk/sdk/lib/libnet80211.a
LOAD /opt/esp-open-sdk/sdk/lib/liblwip.a
LOAD /opt/esp-open-sdk/sdk/lib/libwpa.a
LOAD /opt/esp-open-sdk/sdk/lib/libmain.a
LOAD /opt/esp-open-sdk/sdk/lib/libjson.a
LOAD build/app_app.a
END GROUP
                [!provide]                        PROVIDE (_memmap_vecbase_reset, 0x40000000)
                0x0000000000000110                _memmap_cacheattr_wb_base = 0x110
                0x0000000000000110                _memmap_cacheattr_wt_base = 0x110
                0x0000000000000220                _memmap_cacheattr_bp_base = 0x220
                0x00000000fffff00f                _memmap_cacheattr_unused_mask = 0xfffff00f
                0x000000002222211f                _memmap_cacheattr_wb_trapnull = 0x2222211f
                0x000000002222211f                _memmap_cacheattr_wba_trapnull = 0x2222211f
                0x000000002222211f                _memmap_cacheattr_wbna_trapnull = 0x2222211f
                0x000000002222211f                _memmap_cacheattr_wt_trapnull = 0x2222211f
                0x000000002222222f                _memmap_cacheattr_bp_trapnull = 0x2222222f
                0x00000000fffff11f                _memmap_cacheattr_wb_strict = 0xfffff11f
                0x00000000fffff11f                _memmap_cacheattr_wt_strict = 0xfffff11f
                0x00000000fffff22f                _memmap_cacheattr_bp_strict = 0xfffff22f
                0x0000000022222112                _memmap_cacheattr_wb_allvalid = 0x22222112
                0x0000000022222112                _memmap_cacheattr_wt_allvalid = 0x22222112
                0x0000000022222222                _memmap_cacheattr_bp_allvalid = 0x22222222
                [!provide]                        PROVIDE (_memmap_cacheattr_reset, _memmap_cacheattr_wb_trapnull)

.dport0.rodata  0x000000003ff00000        0x0
                0x000000003ff00000                _dport0_rodata_start = ABSOLUTE (.)
 *(.dport0.rodata)
 *(.dport.rodata)
                0x000000003ff00000                _dport0_rodata_end = ABSOLUTE (.)

.dport0.literal
                0x000000003ff00000        0x0
                0x000000003ff00000                _dport0_literal_start = ABSOLUTE (.)
 *(.dport0.literal)
 *(.dport.literal)
                0x000000003ff00000                _dport0_literal_end = ABSOLUTE (.)

.dport0.data    0x000000003ff00000        0x0
                0x000000003ff00000                _dport0_data_start = ABSOLUTE (.)
 *(.dport0.data)
 *(.dport.data)
                0x000000003ff00000                _dport0_data_end = ABSOLUTE (.)

.data           0x000000003ffe8000     0x1e3c
                0x000000003ffe8000                _data_start = ABSOLUTE (.)
 *(.data)
 .data          0x000000003ffe8000        0x0 /opt/esp-open-sdk/sdk/lib/libmain.a(debug-vector.o)
 .data          0x000000003ffe8000        0x0 /opt/esp-open-sdk/sdk/lib/libmain.a(double-vector.o)
 .data          0x000000003ffe8000        0x0 /opt/esp-open-sdk/sdk/lib/libmain.a(kernel-vector.o)
 .data          0x000000003ffe8000        0x4 /opt/esp-open-sdk/sdk/lib/libmain.a(nmi-vector.o)
                0x000000003ffe8000                _Pri_3_HandlerAddress
 .data          0x000000003ffe8004        0x0 /opt/esp-open-sdk/sdk/lib/libmain.a(user-vector.o)
 .data          0x000000003ffe8004        0x0 /opt/esp-open-sdk/sdk/lib/libmain.a(vector.o)
 .data          0x000000003ffe8004        0x1 /opt/esp-open-sdk/sdk/lib/libmain.a(app_main.o)
 .data          0x000000003ffe8005        0x0 /opt/esp-open-sdk/sdk/lib/libmain.a(ets_timer.o)
 .data          0x000000003ffe8005        0x0 /opt/esp-open-sdk/sdk/lib/libmain.a(mem_manager.o)
 .data          0x000000003ffe8005        0x0 /opt/esp-open-sdk/sdk/lib/libmain.a(spi_flash.o)
 *fill*         0x000000003ffe8005        0x3 
 .data          0x000000003ffe8008        0x6 /opt/esp-open-sdk/sdk/lib/libmain.a(user_interface.o)
                0x000000003ffe8009                timer2_ms_flag
                0x000000003ffe800a                dhcps_flag
                0x000000003ffe800b                dhcpc_flag
                0x000000003ffe800d                reconnect_internal
 .data          0x000000003ffe800e        0x0 /opt/esp-open-sdk/sdk/lib/libmain.a(user_rf_cal_sector_set.o)
 .data          0x000000003ffe800e        0x0 /opt/esp-open-sdk/sdk/lib/libmain.a(eagle_lib.o)
 *fill*         0x000000003ffe800e        0x2 
 .data          0x000000003ffe8010        0x1 /opt/esp-open-sdk/sdk/lib/libmain.a(eagle_lwip_if.o)
                0x000000003ffe8010                default_hostname
 *fill*         0x000000003ffe8011        0x3 
 .data          0x000000003ffe8014     0x1642 build/app_app.a(user_main.o)
                0x000000003ffe8014                index_html_len
                0x000000003ffe8018                index_html
 .data          0x000000003ffe9656        0x0 build/app_app.a(esp_nano_httpd.o)
 *fill*         0x000000003ffe9656        0x2 
 .data          0x000000003ffe9658       0x4c build/app_app.a(nano_httpd_wifi_util.o)
 .data          0x000000003ffe96a4        0x0 /opt/esp-open-sdk/xtensa-lx106-elf/lib/gcc/xtensa-lx106-elf/4.8.5/../../../../xtensa-lx106-elf/lib/libc.a(lib_a-atoi.o)
 .data          0x000000003ffe96a4        0x0 /opt/esp-open-sdk/xtensa-lx106-elf/lib/gcc/xtensa-lx106-elf/4.8.5/../../../../xtensa-lx106-elf/lib/libc.a(lib_a-memcpy.o)
 .data          0x000000003ffe96a4        0x0 /opt/esp-open-sdk/xtensa-lx106-elf/lib/gcc/xtensa-lx106-elf/4.8.5/../../../../xtensa-lx106-elf/lib/libc.a(lib_a-memset.o)
 .data          0x000000003ffe96a4        0x0 /opt/esp-open-sdk/xtensa-lx106-elf/lib/gcc/xtensa-lx106-elf/4.8.5/../../../../xtensa-lx106-elf/lib/libc.a(lib_a-strchr.o)
 .data          0x000000003ffe96a4        0x0 /opt/esp-open-sdk/xtensa-lx106-elf/lib/gcc/xtensa-lx106-elf/4.8.5/../../../../xtensa-lx106-elf/lib/libc.a(lib_a-strcmp.o)
 .data          0x000000003ffe96a4        0x0 /opt/esp-open-sdk/xtensa-lx106-elf/lib/gcc/xtensa-lx106-elf/4.8.5/../../../../xtensa-lx106-elf/lib/libc.a(lib_a-strlen.o)
 .data          0x000000003ffe96a4        0x0 /opt/esp-open-sdk/xtensa-lx106-elf/lib/gcc/xtensa-lx106-elf/4.8.5/../../../../xtensa-lx106-elf/lib/libc.a(lib_a-strstr.o)
 .data          0x000000003ffe96a4        0x0 /opt/esp-open-sdk/xtensa-lx106-elf/lib/gcc/xtensa-lx106-elf/4.8.5/../../../../xtensa-lx106-elf/lib/libc.a(lib_a-strtok.o)
 .data          0x000000003ffe96a4        0x0 /opt/esp-open-sdk/xtensa-lx106-elf/lib/gcc/xtensa-lx106-elf/4.8.5/../../../../xtensa-lx106-elf/lib/libc.a(lib_a-strtok_r.o)
 .data          0x000000003ffe96a4        0x0 /opt/esp-open-sdk/xtensa-lx106-elf/lib/gcc/xtensa-lx106-elf/4.8.5/../../../../xtensa-lx106-elf/lib/libc.a(lib_a-strtol.o)
 .data          0x000000003ffe96a4        0x4 /opt/esp-open-sdk/xtensa-lx106-elf/lib/gcc/xtensa-lx106-elf/4.8.5/../../../../xtensa-lx106-elf/lib/libc.a(lib_a-ctype_.o)
                0x000000003ffe96a4                __ctype_ptr__
 .data          0x000000003ffe96a8      0x430 /opt/esp-open-sdk/xtensa-lx106-elf/lib/gcc/xtensa-lx106-elf/4.8.5/../../../../xtensa-lx106-elf/lib/libc.a(lib_a-impure.o)
                0x000000003ffe96a8                _impure_ptr
 .data          0x000000003ffe9ad8        0x0 /opt/esp-open-sdk/xtensa-lx106-elf/xtensa-lx106-elf/sysroot/usr/lib/libhal.a(int_asm--set_intclear.o)
 .data          0x000000003ffe9ad8        0x0 /opt/esp-open-sdk/sdk/lib/libpp.a(if_hwctrl.o)
 .data          0x000000003ffe9ad8        0x0 /opt/esp-open-sdk/sdk/lib/libpp.a(lmac.o)
 .data          0x000000003ffe9ad8        0x1 /opt/esp-open-sdk/sdk/lib/libpp.a(pm.o)
 *fill*         0x000000003ffe9ad9        0x3 
 .data          0x000000003ffe9adc        0x1 /opt/esp-open-sdk/sdk/lib/libpp.a(pm_for_bcn_only_mode.o)
 *fill*         0x000000003ffe9add        0x3 
 .data          0x000000003ffe9ae0       0x1c /opt/esp-open-sdk/sdk/lib/libpp.a(pp.o)
                0x000000003ffe9ae0                soft_wdt_interval
                0x000000003ffe9ae4                NoiseTimerInterval
                0x000000003ffe9aec                sleep_start_wait_time
                0x000000003ffe9af4                CanDoFreqCal
                0x000000003ffe9af8                tcb
 *fill*         0x000000003ffe9afc        0x4 
 .data          0x000000003ffe9b00       0x40 /opt/esp-open-sdk/sdk/lib/libpp.a(rate_control.o)
 .data          0x000000003ffe9b40      0x24c /opt/esp-open-sdk/sdk/lib/libpp.a(trc.o)
 .data          0x000000003ffe9d8c        0x8 /opt/esp-open-sdk/sdk/lib/libpp.a(wdev.o)
 .data          0x000000003ffe9d94        0x0 /opt/esp-open-sdk/sdk/lib/libpp.a(esf_buf.o)
 .data          0x000000003ffe9d94        0x0 /opt/esp-open-sdk/sdk/lib/libphy.a(phy.o)
 .data          0x000000003ffe9d94        0x0 /opt/esp-open-sdk/sdk/lib/libphy.a(phy_chip_v6_ana.o)
 *fill*         0x000000003ffe9d94        0xc 
 .data          0x000000003ffe9da0       0x53 /opt/esp-open-sdk/sdk/lib/libphy.a(phy_chip_v6.o)
                0x000000003ffe9da2                tx_rf_ana_gain
                0x000000003ffe9dd0                rx_gain_swp
                0x000000003ffe9df0                test_rffreq_txcap
 *fill*         0x000000003ffe9df3        0x1 
 .data          0x000000003ffe9df4        0x1 /opt/esp-open-sdk/sdk/lib/libphy.a(phy_chip_v6_cal.o)
                0x000000003ffe9df4                rfcal_bb_atten_init
 .data          0x000000003ffe9df5        0x0 /opt/esp-open-sdk/sdk/lib/libphy.a(phy_chip_v6_unused.o)
 *fill*         0x000000003ffe9df5        0x3 
 .data          0x000000003ffe9df8        0x4 /opt/esp-open-sdk/sdk/lib/libphy.a(phy_sleep.o)
                0x000000003ffe9df8                chip_version
 .data          0x000000003ffe9dfc        0x0 /opt/esp-open-sdk/sdk/lib/libnet80211.a(ieee80211.o)
 .data          0x000000003ffe9dfc        0x0 /opt/esp-open-sdk/sdk/lib/libnet80211.a(ieee80211_crypto.o)
 .data          0x000000003ffe9dfc        0x0 /opt/esp-open-sdk/sdk/lib/libnet80211.a(ieee80211_ets.o)
 .data          0x000000003ffe9dfc        0x1 /opt/esp-open-sdk/sdk/lib/libnet80211.a(ieee80211_hostap.o)
                0x000000003ffe9dfc                TmpSTAAPCloseAP
 .data          0x000000003ffe9dfd        0x0 /opt/esp-open-sdk/sdk/lib/libnet80211.a(ieee80211_ht.o)
 .data          0x000000003ffe9dfd        0x0 /opt/esp-open-sdk/sdk/lib/libnet80211.a(ieee80211_input.o)
 .data          0x000000003ffe9dfd        0x0 /opt/esp-open-sdk/sdk/lib/libnet80211.a(ieee80211_mesh_quick.o)
 .data          0x000000003ffe9dfd        0x0 /opt/esp-open-sdk/sdk/lib/libnet80211.a(ieee80211_output.o)
 .data          0x000000003ffe9dfd        0x0 /opt/esp-open-sdk/sdk/lib/libnet80211.a(ieee80211_phy.o)
 .data          0x000000003ffe9dfd        0x0 /opt/esp-open-sdk/sdk/lib/libnet80211.a(ieee80211_power.o)
 .data          0x000000003ffe9dfd        0x0 /opt/esp-open-sdk/sdk/lib/libnet80211.a(ieee80211_proto.o)
 .data          0x000000003ffe9dfd        0x0 /opt/esp-open-sdk/sdk/lib/libnet80211.a(ieee80211_regdomain.o)
 .data          0x000000003ffe9dfd        0x0 /opt/esp-open-sdk/sdk/lib/libnet80211.a(ieee80211_rfid.o)
 .data          0x000000003ffe9dfd        0x0 /opt/esp-open-sdk/sdk/lib/libnet80211.a(ieee80211_scan.o)
 .data          0x000000003ffe9dfd        0x0 /opt/esp-open-sdk/sdk/lib/libnet80211.a(ieee80211_sta.o)
 .data          0x000000003ffe9dfd        0x0 /opt/esp-open-sdk/sdk/lib/libnet80211.a(wl_chm.o)
 *fill*         0x000000003ffe9dfd        0x3 
 .data          0x000000003ffe9e00        0x1 /opt/esp-open-sdk/sdk/lib/libnet80211.a(wl_cnx.o)
 *fill*         0x000000003ffe9e01        0x7 
 .data          0x000000003ffe9e08       0x1c /opt/esp-open-sdk/sdk/lib/libnet80211.a(ieee80211_action.o)
 .data          0x000000003ffe9e24        0x0 /opt/esp-open-sdk/sdk/lib/libnet80211.a(ieee80211_action_vendor.o)
 .data          0x000000003ffe9e24        0x0 /opt/esp-open-sdk/sdk/lib/libnet80211.a(ieee80211_crypto_ccmp.o)
 .data          0x000000003ffe9e24        0x0 /opt/esp-open-sdk/sdk/lib/libnet80211.a(ieee80211_ie_vendor.o)
 .data          0x000000003ffe9e24        0x4 /opt/esp-open-sdk/sdk/lib/liblwip.a(dhcp.o)
 .data          0x000000003ffe9e28        0x5 /opt/esp-open-sdk/sdk/lib/liblwip.a(dhcpserver.o)
                0x000000003ffe9e28                dhcps_lease_time
 .data          0x000000003ffe9e2d        0x0 /opt/esp-open-sdk/sdk/lib/liblwip.a(dns.o)
 .data          0x000000003ffe9e2d        0x0 /opt/esp-open-sdk/sdk/lib/liblwip.a(espconn.o)
 .data          0x000000003ffe9e2d        0x0 /opt/esp-open-sdk/sdk/lib/liblwip.a(espconn_tcp.o)
 .data          0x000000003ffe9e2d        0x0 /opt/esp-open-sdk/sdk/lib/liblwip.a(espconn_udp.o)
 .data          0x000000003ffe9e2d        0x0 /opt/esp-open-sdk/sdk/lib/liblwip.a(etharp.o)
 .data          0x000000003ffe9e2d        0x0 /opt/esp-open-sdk/sdk/lib/liblwip.a(igmp.o)
 .data          0x000000003ffe9e2d        0x0 /opt/esp-open-sdk/sdk/lib/liblwip.a(inet_chksum.o)
 .data          0x000000003ffe9e2d        0x0 /opt/esp-open-sdk/sdk/lib/liblwip.a(init.o)
 .data          0x000000003ffe9e2d        0x0 /opt/esp-open-sdk/sdk/lib/liblwip.a(ip_addr.o)
 .data          0x000000003ffe9e2d        0x0 /opt/esp-open-sdk/sdk/lib/liblwip.a(ip.o)
 *fill*         0x000000003ffe9e2d        0x3 
 .data          0x000000003ffe9e30        0x2 /opt/esp-open-sdk/sdk/lib/liblwip.a(memp.o)
                0x000000003ffe9e30                memp_sizes_test
 .data          0x000000003ffe9e32        0x0 /opt/esp-open-sdk/sdk/lib/liblwip.a(netif.o)
 .data          0x000000003ffe9e32        0x0 /opt/esp-open-sdk/sdk/lib/liblwip.a(pbuf.o)
 .data          0x000000003ffe9e32        0x0 /opt/esp-open-sdk/sdk/lib/liblwip.a(raw.o)
 .data          0x000000003ffe9e32        0x0 /opt/esp-open-sdk/sdk/lib/liblwip.a(tcp_in.o)
 *fill*         0x000000003ffe9e32        0x2 
 .data          0x000000003ffe9e34        0x8 /opt/esp-open-sdk/sdk/lib/liblwip.a(tcp.o)
 .data          0x000000003ffe9e3c        0x0 /opt/esp-open-sdk/sdk/lib/liblwip.a(tcp_out.o)
 .data          0x000000003ffe9e3c        0x0 /opt/esp-open-sdk/sdk/lib/liblwip.a(timers.o)
 .data          0x000000003ffe9e3c        0x0 /opt/esp-open-sdk/sdk/lib/liblwip.a(udp.o)
 .data          0x000000003ffe9e3c        0x0 /opt/esp-open-sdk/sdk/lib/liblwip.a(espconn_buf.o)
 .data          0x000000003ffe9e3c        0x0 /opt/esp-open-sdk/sdk/lib/liblwip.a(icmp.o)
 .data          0x000000003ffe9e3c        0x0 /opt/esp-open-sdk/sdk/lib/libwpa.a(ap_config.o)
 .data          0x000000003ffe9e3c        0x0 /opt/esp-open-sdk/sdk/lib/libwpa.a(common.o)
 .data          0x000000003ffe9e3c        0x0 /opt/esp-open-sdk/sdk/lib/libwpa.a(os_xtensa.o)
 .data          0x000000003ffe9e3c        0x0 /opt/esp-open-sdk/sdk/lib/libwpa.a(wpa_auth.o)
 .data          0x000000003ffe9e3c        0x0 /opt/esp-open-sdk/sdk/lib/libwpa.a(wpa_auth_ie.o)
 .data          0x000000003ffe9e3c        0x0 /opt/esp-open-sdk/sdk/lib/libwpa.a(wpa.o)
 .data          0x000000003ffe9e3c        0x0 /opt/esp-open-sdk/sdk/lib/libwpa.a(wpa_common.o)
 .data          0x000000003ffe9e3c        0x0 /opt/esp-open-sdk/sdk/lib/libwpa.a(wpa_debug.o)
 .data          0x000000003ffe9e3c        0x0 /opt/esp-open-sdk/sdk/lib/libwpa.a(wpa_ie.o)
 .data          0x000000003ffe9e3c        0x0 /opt/esp-open-sdk/sdk/lib/libwpa.a(wpa_main.o)
 .data          0x000000003ffe9e3c        0x0 /opt/esp-open-sdk/sdk/lib/libwpa.a(wpas_glue.o)
 .data          0x000000003ffe9e3c        0x0 /opt/esp-open-sdk/sdk/lib/libwpa.a(aes-wrap.o)
 .data          0x000000003ffe9e3c        0x0 /opt/esp-open-sdk/sdk/lib/libwpa.a(aes-internal-enc.o)
 .data          0x000000003ffe9e3c        0x0 /opt/esp-open-sdk/sdk/lib/libwpa.a(aes-internal.o)
 .data          0x000000003ffe9e3c        0x0 /opt/esp-open-sdk/sdk/lib/libjson.a(jsontree.o)
 .data          0x000000003ffe9e3c        0x0 /opt/esp-open-sdk/xtensa-lx106-elf/lib/gcc/xtensa-lx106-elf/4.8.5/../../../../xtensa-lx106-elf/lib/libc.a(lib_a-memchr.o)
 .data          0x000000003ffe9e3c        0x0 /opt/esp-open-sdk/sdk/lib/libgcc.a(_modsi3.o)
 .data          0x000000003ffe9e3c        0x0 /opt/esp-open-sdk/sdk/lib/libgcc.a(_ashrdi3.o)
 .data          0x000000003ffe9e3c        0x0 /opt/esp-open-sdk/sdk/lib/libgcc.a(_mulsf3.o)
 .data          0x000000003ffe9e3c        0x0 /opt/esp-open-sdk/sdk/lib/libgcc.a(_divsf3.o)
 .data          0x000000003ffe9e3c        0x0 /opt/esp-open-sdk/sdk/lib/libgcc.a(_fixsfsi.o)
 .data          0x000000003ffe9e3c        0x0 /opt/esp-open-sdk/sdk/lib/libnet80211.a(ieee80211_crypto_tkip.o)
 .data          0x000000003ffe9e3c        0x0 /opt/esp-open-sdk/sdk/lib/libnet80211.a(ieee80211_crypto_wep.o)
 *(.data.*)
 *(.gnu.linkonce.d.*)
 *(.data1)
 *(.sdata)
 *(.sdata.*)
 *(.gnu.linkonce.s.*)
 *(.sdata2)
 *(.sdata2.*)
 *(.gnu.linkonce.s2.*)
 *(.jcr)
                0x000000003ffe9e3c                _data_end = ABSOLUTE (.)

.rodata         0x000000003ffe9e40      0x50c
                0x000000003ffe9e40                _rodata_start = ABSOLUTE (.)
 *(.sdk.version)
 .sdk.version   0x000000003ffe9e40        0xf /opt/esp-open-sdk/sdk/lib/libmain.a(app_main.o)
                0x000000003ffe9e40                SDK_VERSION
 *(.rodata)
 *fill*         0x000000003ffe9e4f        0x1 
 .rodata        0x000000003ffe9e50       0x30 build/app_app.a(user_main.o)
                0x000000003ffe9e50                url_cfg
 .rodata        0x000000003ffe9e80       0x2c build/app_app.a(nano_httpd_wifi_util.o)
 .rodata        0x000000003ffe9eac      0x101 /opt/esp-open-sdk/xtensa-lx106-elf/lib/gcc/xtensa-lx106-elf/4.8.5/../../../../xtensa-lx106-elf/lib/libc.a(lib_a-ctype_.o)
                0x000000003ffe9eac                _ctype_
 *fill*         0x000000003ffe9fad        0x3 
 .rodata        0x000000003ffe9fb0        0x4 /opt/esp-open-sdk/xtensa-lx106-elf/lib/gcc/xtensa-lx106-elf/4.8.5/../../../../xtensa-lx106-elf/lib/libc.a(lib_a-impure.o)
                0x000000003ffe9fb0                _global_impure_ptr
 .rodata        0x000000003ffe9fb4        0x4 /opt/esp-open-sdk/sdk/lib/libpp.a(pp.o)
 .rodata        0x000000003ffe9fb8        0x8 /opt/esp-open-sdk/sdk/lib/libphy.a(phy_chip_v6_ana.o)
 .rodata        0x000000003ffe9fc0        0x8 /opt/esp-open-sdk/sdk/lib/libphy.a(phy_chip_v6.o)
 .rodata        0x000000003ffe9fc8        0x8 /opt/esp-open-sdk/sdk/lib/libnet80211.a(ieee80211_hostap.o)
 .rodata        0x000000003ffe9fd0        0x9 /opt/esp-open-sdk/sdk/lib/libnet80211.a(ieee80211_output.o)
 *fill*         0x000000003ffe9fd9        0x3 
 .rodata        0x000000003ffe9fdc        0x6 /opt/esp-open-sdk/sdk/lib/liblwip.a(etharp.o)
                0x000000003ffe9fdc                ethbroadcast
 *fill*         0x000000003ffe9fe2        0xe 
 .rodata        0x000000003ffe9ff0       0x74 /opt/esp-open-sdk/sdk/lib/liblwip.a(espconn_buf.o)
 *(.rodata.*)
 .rodata.str1.4
                0x000000003ffea064        0xc /opt/esp-open-sdk/sdk/lib/libmain.a(app_main.o)
 .rodata.str1.4
                0x000000003ffea070        0x4 /opt/esp-open-sdk/sdk/lib/libmain.a(ets_timer.o)
                                          0xc (size before relaxing)
 .rodata.str1.4
                0x000000003ffea074       0x1a /opt/esp-open-sdk/sdk/lib/libmain.a(mem_manager.o)
 *fill*         0x000000003ffea08e        0x2 
 .rodata.str1.4
                0x000000003ffea090       0x3a build/app_app.a(user_main.o)
 *fill*         0x000000003ffea0ca        0x2 
 .rodata.str1.4
                0x000000003ffea0cc      0x12c build/app_app.a(esp_nano_httpd.o)
                                        0x130 (size before relaxing)
 .rodata.str1.4
                0x000000003ffea1f8      0x114 build/app_app.a(nano_httpd_wifi_util.o)
                                        0x134 (size before relaxing)
 .rodata.str1.1
                0x000000003ffea30c        0x2 /opt/esp-open-sdk/xtensa-lx106-elf/lib/gcc/xtensa-lx106-elf/4.8.5/../../../../xtensa-lx106-elf/lib/libc.a(lib_a-impure.o)
 *fill*         0x000000003ffea30e        0x2 
 .rodata.str1.4
                0x000000003ffea310        0x4 /opt/esp-open-sdk/sdk/lib/libpp.a(lmac.o)
                                          0xc (size before relaxing)
 .rodata.str1.4
                0x000000003ffea314        0x3 /opt/esp-open-sdk/sdk/lib/libpp.a(pm.o)
                                          0xb (size before relaxing)
 *fill*         0x000000003ffea317        0x1 
 .rodata.str1.4
                0x000000003ffea318        0x4 /opt/esp-open-sdk/sdk/lib/libpp.a(pm_for_bcn_only_mode.o)
                                          0xc (size before relaxing)
 .rodata.str1.4
                0x000000003ffea31c        0x8 /opt/esp-open-sdk/sdk/lib/libpp.a(pp.o)
                                         0x10 (size before relaxing)
 .rodata.str1.4
                0x000000003ffea324        0x4 /opt/esp-open-sdk/sdk/lib/libpp.a(wdev.o)
                                          0xc (size before relaxing)
 .rodata.str1.4
                0x000000003ffea328        0x3 /opt/esp-open-sdk/sdk/lib/libnet80211.a(ieee80211_hostap.o)
                                          0x8 (size before relaxing)
 *fill*         0x000000003ffea32b        0x1 
 .rodata.str1.4
                0x000000003ffea32c        0x7 /opt/esp-open-sdk/sdk/lib/libnet80211.a(ieee80211_mesh_quick.o)
 .rodata.str1.4
                0x000000003ffea333        0x4 /opt/esp-open-sdk/sdk/lib/libnet80211.a(ieee80211_sta.o)
 .rodata.str1.4
                0x000000003ffea333        0x4 /opt/esp-open-sdk/sdk/lib/libnet80211.a(ieee80211_action_vendor.o)
 .rodata.str1.4
                0x000000003ffea333        0x4 /opt/esp-open-sdk/sdk/lib/libnet80211.a(ieee80211_ie_vendor.o)
 .rodata.str1.4
                0x000000003ffea333        0x1 /opt/esp-open-sdk/sdk/lib/liblwip.a(espconn_tcp.o)
 *fill*         0x000000003ffea333        0x1 
 .rodata.str1.4
                0x000000003ffea334       0x10 /opt/esp-open-sdk/sdk/lib/libwpa.a(wpa_debug.o)
                                          0xd (size before relaxing)
 .rodata.str1.4
                0x000000003ffea344        0x1 /opt/esp-open-sdk/sdk/lib/libjson.a(jsontree.o)
 *(.gnu.linkonce.r.*)
 *(.rodata1)
                0x000000003ffea345                __XT_EXCEPTION_TABLE__ = ABSOLUTE (.)
 *(.xt_except_table)
 *(.gcc_except_table)
 *(.gnu.linkonce.e.*)
 *(.gnu.version_r)
 *(.eh_frame)
 *crtbegin.o(.ctors)
 *(EXCLUDE_FILE(*crtend.o) .ctors)
 *(SORT(.ctors.*))
 *(.ctors)
 *crtbegin.o(.dtors)
 *(EXCLUDE_FILE(*crtend.o) .dtors)
 *(SORT(.dtors.*))
 *(.dtors)
                0x000000003ffea345                __XT_EXCEPTION_DESCS__ = ABSOLUTE (.)
 *(.xt_except_desc)
 *(.gnu.linkonce.h.*)
                0x000000003ffea345                __XT_EXCEPTION_DESCS_END__ = ABSOLUTE (.)
 *(.xt_except_desc_end)
 *(.dynamic)
 *(.gnu.version_d)
                0x000000003ffea348                . = ALIGN (0x4)
                0x000000003ffea348                _bss_table_start = ABSOLUTE (.)
                0x000000003ffea344        0x4 LONG 0x3ffea350 _bss_start
                0x000000003ffea348        0x4 LONG 0x3fff06b8 _bss_end
                0x000000003ffea34c                _bss_table_end = ABSOLUTE (.)
                0x000000003ffea34c                _rodata_end = ABSOLUTE (.)

.bss            0x000000003ffea350     0x6368
                0x000000003ffea350                . = ALIGN (0x8)
                0x000000003ffea350                _bss_start = ABSOLUTE (.)
 *(.dynsbss)
 *(.sbss)
 *(.sbss.*)
 *(.gnu.linkonce.sb.*)
 *(.scommon)
 *(.sbss2)
 *(.sbss2.*)
 *(.gnu.linkonce.sb2.*)
 *(.dynbss)
 *(.bss)
 .bss           0x000000003ffea350        0x0 /opt/esp-open-sdk/sdk/lib/libmain.a(debug-vector.o)
 .bss           0x000000003ffea350        0x0 /opt/esp-open-sdk/sdk/lib/libmain.a(double-vector.o)
 .bss           0x000000003ffea350        0x0 /opt/esp-open-sdk/sdk/lib/libmain.a(kernel-vector.o)
 .bss           0x000000003ffea350      0x1c0 /opt/esp-open-sdk/sdk/lib/libmain.a(nmi-vector.o)
 .bss           0x000000003ffea510        0x0 /opt/esp-open-sdk/sdk/lib/libmain.a(user-vector.o)
 .bss           0x000000003ffea510        0x0 /opt/esp-open-sdk/sdk/lib/libmain.a(vector.o)
 .bss           0x000000003ffea510       0x45 /opt/esp-open-sdk/sdk/lib/libmain.a(app_main.o)
                0x000000003ffea514                info
                0x000000003ffea538                freq_trace_enable
                0x000000003ffea53a                lwip_timer_interval
                0x000000003ffea53c                check_timeouts_timer
                0x000000003ffea550                rf_cal_sec
                0x000000003ffea554                user_init_flag
 *fill*         0x000000003ffea555        0xb 
 .bss           0x000000003ffea560       0x30 /opt/esp-open-sdk/sdk/lib/libmain.a(ets_timer.o)
                0x000000003ffea560                dbg_timer_flag
                0x000000003ffea564                timer_list
                0x000000003ffea568                debug_timer
                0x000000003ffea56c                debug_timerfn
 .bss           0x000000003ffea590       0x3c /opt/esp-open-sdk/sdk/lib/libmain.a(mem_manager.o)
 .bss           0x000000003ffea5cc        0x4 /opt/esp-open-sdk/sdk/lib/libmain.a(spi_flash.o)
                0x000000003ffea5cc                flash_read
 .bss           0x000000003ffea5d0      0x242 /opt/esp-open-sdk/sdk/lib/libmain.a(user_interface.o)
                0x000000003ffea6c7                deep_sleep_flag
                0x000000003ffea6c8                cpu_overclock
                0x000000003ffea6cc                event_cb
                0x000000003ffea6d0                status_led_output_level
                0x000000003ffea6d4                done_cb
                0x000000003ffea6d8                rst_if
                0x000000003ffea6f4                default_interface
                0x000000003ffea6f5                OpmodChgIsOnGoing
                0x000000003ffea6f8                promiscuous_cb
                0x000000003ffea710                event_TaskQueue
 .bss           0x000000003ffea812        0x0 /opt/esp-open-sdk/sdk/lib/libmain.a(user_rf_cal_sector_set.o)
 .bss           0x000000003ffea812        0x0 /opt/esp-open-sdk/sdk/lib/libmain.a(eagle_lib.o)
 *fill*         0x000000003ffea812        0x2 
 .bss           0x000000003ffea814        0xc /opt/esp-open-sdk/sdk/lib/libmain.a(eagle_lwip_if.o)
                0x000000003ffea814                hostname
 .bss           0x000000003ffea820       0x14 build/app_app.a(user_main.o)
 .bss           0x000000003ffea834       0x28 build/app_app.a(esp_nano_httpd.o)
 .bss           0x000000003ffea85c       0x90 build/app_app.a(nano_httpd_wifi_util.o)
 .bss           0x000000003ffea8ec        0x0 /opt/esp-open-sdk/xtensa-lx106-elf/lib/gcc/xtensa-lx106-elf/4.8.5/../../../../xtensa-lx106-elf/lib/libc.a(lib_a-atoi.o)
 .bss           0x000000003ffea8ec        0x0 /opt/esp-open-sdk/xtensa-lx106-elf/lib/gcc/xtensa-lx106-elf/4.8.5/../../../../xtensa-lx106-elf/lib/libc.a(lib_a-memcpy.o)
 .bss           0x000000003ffea8ec        0x0 /opt/esp-open-sdk/xtensa-lx106-elf/lib/gcc/xtensa-lx106-elf/4.8.5/../../../../xtensa-lx106-elf/lib/libc.a(lib_a-memset.o)
 .bss           0x000000003ffea8ec        0x0 /opt/esp-open-sdk/xtensa-lx106-elf/lib/gcc/xtensa-lx106-elf/4.8.5/../../../../xtensa-lx106-elf/lib/libc.a(lib_a-strchr.o)
 .bss           0x000000003ffea8ec        0x0 /opt/esp-open-sdk/xtensa-lx106-elf/lib/gcc/xtensa-lx106-elf/4.8.5/../../../../xtensa-lx106-elf/lib/libc.a(lib_a-strcmp.o)
 .bss           0x000000003ffea8ec        0x0 /opt/esp-open-sdk/xtensa-lx106-elf/lib/gcc/xtensa-lx106-elf/4.8.5/../../../../xtensa-lx106-elf/lib/libc.a(lib_a-strlen.o)
 .bss           0x000000003ffea8ec        0x0 /opt/esp-open-sdk/xtensa-lx106-elf/lib/gcc/xtensa-lx106-elf/4.8.5/../../../../xtensa-lx106-elf/lib/libc.a(lib_a-strstr.o)
 .bss           0x000000003ffea8ec        0x0 /opt/esp-open-sdk/xtensa-lx106-elf/lib/gcc/xtensa-lx106-elf/4.8.5/../../../../xtensa-lx106-elf/lib/libc.a(lib_a-strtok.o)
 .bss           0x000000003ffea8ec        0x0 /opt/esp-open-sdk/xtensa-lx106-elf/lib/gcc/xtensa-lx106-elf/4.8.5/../../../../xtensa-lx106-elf/lib/libc.a(lib_a-strtok_r.o)
 .bss           0x000000003ffea8ec        0x0 /opt/esp-open-sdk/xtensa-lx106-elf/lib/gcc/xtensa-lx106-elf/4.8.5/../../../../xtensa-lx106-elf/lib/libc.a(lib_a-strtol.o)
 .bss           0x000000003ffea8ec        0x0 /opt/esp-open-sdk/xtensa-lx106-elf/lib/gcc/xtensa-lx106-elf/4.8.5/../../../../xtensa-lx106-elf/lib/libc.a(lib_a-ctype_.o)
 .bss           0x000000003ffea8ec        0x0 /opt/esp-open-sdk/xtensa-lx106-elf/lib/gcc/xtensa-lx106-elf/4.8.5/../../../../xtensa-lx106-elf/lib/libc.a(lib_a-impure.o)
 .bss           0x000000003ffea8ec        0x0 /opt/esp-open-sdk/xtensa-lx106-elf/xtensa-lx106-elf/sysroot/usr/lib/libhal.a(int_asm--set_intclear.o)
 *fill*         0x000000003ffea8ec        0x4 
 .bss           0x000000003ffea8f0       0x40 /opt/esp-open-sdk/sdk/lib/libpp.a(if_hwctrl.o)
                0x000000003ffea8f0                interface_mask
                0x000000003ffea910                if_ctrl
 .bss           0x000000003ffea930      0x150 /opt/esp-open-sdk/sdk/lib/libpp.a(lmac.o)
                0x000000003ffea934                lmacConfMib
                0x000000003ffea958                our_tx_eb
 .bss           0x000000003ffeaa80      0x12a /opt/esp-open-sdk/sdk/lib/libpp.a(pm.o)
                0x000000003ffeaa80                pmc
 *fill*         0x000000003ffeabaa        0x2 
 .bss           0x000000003ffeabac       0x38 /opt/esp-open-sdk/sdk/lib/libpp.a(pm_for_bcn_only_mode.o)
 *fill*         0x000000003ffeabe4        0xc 
 .bss           0x000000003ffeabf0      0x322 /opt/esp-open-sdk/sdk/lib/libpp.a(pp.o)
                0x000000003ffeac08                pend_flag_noise_check
                0x000000003ffeac10                pend_flag_periodic_cal
                0x000000003ffeac28                idle_timer_reopen_flag
                0x000000003ffeac2a                dbg_stop_sw_wdt
                0x000000003ffeac2b                dbg_stop_hw_wdt
                0x000000003ffeac2d                total_buffed_eb_num
                0x000000003ffeac30                HighestFreqOffsetInOneChk
                0x000000003ffeac32                LowestFreqOffsetInOneChk
                0x000000003ffeac34                DefFreqCalTimer
                0x000000003ffeac48                PktNumInOneChk
                0x000000003ffeadd0                buffed_eb_arr
 *fill*         0x000000003ffeaf12        0xe 
 .bss           0x000000003ffeaf20      0x100 /opt/esp-open-sdk/sdk/lib/libpp.a(rate_control.o)
 .bss           0x000000003ffeb020      0x46c /opt/esp-open-sdk/sdk/lib/libpp.a(trc.o)
 *fill*         0x000000003ffeb48c        0x4 
 .bss           0x000000003ffeb490     0x2f88 /opt/esp-open-sdk/sdk/lib/libpp.a(wdev.o)
                0x000000003ffeb490                wDevCtrl
                0x000000003ffeb638                WdevTimOffSet
 *fill*         0x000000003ffee418        0x8 
 .bss           0x000000003ffee420      0xaa4 /opt/esp-open-sdk/sdk/lib/libpp.a(esf_buf.o)
 .bss           0x000000003ffeeec4        0x4 /opt/esp-open-sdk/sdk/lib/libphy.a(phy.o)
 .bss           0x000000003ffeeec8        0x2 /opt/esp-open-sdk/sdk/lib/libphy.a(phy_chip_v6_ana.o)
                0x000000003ffeeec8                tout_dis_txpwr_track
                0x000000003ffeeec9                sleep_mode_flag
 *fill*         0x000000003ffeeeca        0x6 
 .bss           0x000000003ffeeed0      0x153 /opt/esp-open-sdk/sdk/lib/libphy.a(phy_chip_v6.o)
                0x000000003ffeeed0                g_phyFuns
                0x000000003ffeeed4                rxiq_compute_num
                0x000000003ffeeed8                rx_table_renew_en
                0x000000003ffeeedc                check_result
                0x000000003ffeeee0                chip6_sleep_params
                0x000000003ffeef74                chip6_phy_init_ctrl
                0x000000003ffeefe8                phy_freq_offset
                0x000000003ffeefea                do_pwctrl_flag
                0x000000003ffeefeb                txbk_dpdby_flag
                0x000000003ffeefed                sw_scan_mode
                0x000000003ffeefee                rxmax_ext_level
                0x000000003ffeeff0                phy_rx_gain_dc_table
                0x000000003ffef004                periodic_cal_flag
                0x000000003ffef005                bbpll_cal_flag
                0x000000003ffef006                phy_in_most_power
                0x000000003ffef007                init_rf_no_cal
                0x000000003ffef008                test_print_time
                0x000000003ffef00c                phy_in_vdd33_offset
                0x000000003ffef00d                phy_set_most_tpw_disbg
                0x000000003ffef00e                phy_set_most_tpw_index
                0x000000003ffef010                adc_rand_noise
                0x000000003ffef014                phy_rx_gain_dc_flag
                0x000000003ffef015                dpd_bypass_original
                0x000000003ffef016                phy_txpwr_diff_flash
                0x000000003ffef018                noise_array
 *fill*         0x000000003ffef023        0x1 
 .bss           0x000000003ffef024        0x9 /opt/esp-open-sdk/sdk/lib/libphy.a(phy_chip_v6_cal.o)
                0x000000003ffef024                phy_tx_power_out
                0x000000003ffef026                phy_tx_pwr_error
                0x000000003ffef028                tx_pwctrl_track_num
                0x000000003ffef029                rxiq_cover_fail_num
                0x000000003ffef02a                phy_meas_freq_offset
                0x000000003ffef02c                tx_pwctrl_pk_num
 .bss           0x000000003ffef02d        0x0 /opt/esp-open-sdk/sdk/lib/libphy.a(phy_chip_v6_unused.o)
 *fill*         0x000000003ffef02d        0x3 
 .bss           0x000000003ffef030        0x7 /opt/esp-open-sdk/sdk/lib/libphy.a(phy_sleep.o)
                0x000000003ffef030                periodic_cal_sat
                0x000000003ffef032                lslp_mem_opt_8266
                0x000000003ffef034                software_slp_reject
                0x000000003ffef035                SDIO_slp_reject
                0x000000003ffef036                hardware_reject
 *fill*         0x000000003ffef037        0x1 
 .bss           0x000000003ffef038      0x6a8 /opt/esp-open-sdk/sdk/lib/libnet80211.a(ieee80211.o)
                0x000000003ffef038                g_ic
 .bss           0x000000003ffef6e0        0x0 /opt/esp-open-sdk/sdk/lib/libnet80211.a(ieee80211_crypto.o)
 .bss           0x000000003ffef6e0        0x0 /opt/esp-open-sdk/sdk/lib/libnet80211.a(ieee80211_ets.o)
 .bss           0x000000003ffef6e0       0x54 /opt/esp-open-sdk/sdk/lib/libnet80211.a(ieee80211_hostap.o)
                0x000000003ffef6e0                BcnEb_update
                0x000000003ffef6ed                BcnWithMcastSendStart
                0x000000003ffef6ee                BcnWithMcastSendCnt
                0x000000003ffef708                PendFreeBcnEb
                0x000000003ffef70c                ApFreqCalTimer
                0x000000003ffef720                APRecvBcnStartTick
 .bss           0x000000003ffef734        0x0 /opt/esp-open-sdk/sdk/lib/libnet80211.a(ieee80211_ht.o)
 .bss           0x000000003ffef734        0x0 /opt/esp-open-sdk/sdk/lib/libnet80211.a(ieee80211_input.o)
 .bss           0x000000003ffef734        0x0 /opt/esp-open-sdk/sdk/lib/libnet80211.a(ieee80211_mesh_quick.o)
 .bss           0x000000003ffef734        0x0 /opt/esp-open-sdk/sdk/lib/libnet80211.a(ieee80211_output.o)
 .bss           0x000000003ffef734        0x0 /opt/esp-open-sdk/sdk/lib/libnet80211.a(ieee80211_phy.o)
 .bss           0x000000003ffef734        0x0 /opt/esp-open-sdk/sdk/lib/libnet80211.a(ieee80211_power.o)
 .bss           0x000000003ffef734        0x0 /opt/esp-open-sdk/sdk/lib/libnet80211.a(ieee80211_proto.o)
 .bss           0x000000003ffef734        0x0 /opt/esp-open-sdk/sdk/lib/libnet80211.a(ieee80211_regdomain.o)
 .bss           0x000000003ffef734        0x0 /opt/esp-open-sdk/sdk/lib/libnet80211.a(ieee80211_rfid.o)
 .bss           0x000000003ffef734       0xc8 /opt/esp-open-sdk/sdk/lib/libnet80211.a(ieee80211_scan.o)
                0x000000003ffef734                gScanStruct
                0x000000003ffef7e0                connect_scan_flag
                0x000000003ffef7e1                FreqCalCntForScan
                0x000000003ffef7e2                TestStaFreqCalValInput
                0x000000003ffef7e4                auth_type
                0x000000003ffef7e6                scannum
 *fill*         0x000000003ffef7fc        0x4 
 .bss           0x000000003ffef800       0x28 /opt/esp-open-sdk/sdk/lib/libnet80211.a(ieee80211_sta.o)
 .bss           0x000000003ffef828       0x3c /opt/esp-open-sdk/sdk/lib/libnet80211.a(wl_chm.o)
 *fill*         0x000000003ffef864        0x4 
 .bss           0x000000003ffef868      0x394 /opt/esp-open-sdk/sdk/lib/libnet80211.a(wl_cnx.o)
                0x000000003ffefbc8                sta_con_timer
                0x000000003ffefbdc                backup_ni_connect_status
                0x000000003ffefbe0                g_cnx_probe_rc_list_cb
                0x000000003ffefbe4                reconnect_flag
                0x000000003ffefbe5                no_ap_found_index
 .bss           0x000000003ffefbfc        0x0 /opt/esp-open-sdk/sdk/lib/libnet80211.a(ieee80211_action.o)
 *fill*         0x000000003ffefbfc        0x4 
 .bss           0x000000003ffefc00       0x18 /opt/esp-open-sdk/sdk/lib/libnet80211.a(ieee80211_action_vendor.o)
 .bss           0x000000003ffefc18        0x0 /opt/esp-open-sdk/sdk/lib/libnet80211.a(ieee80211_crypto_ccmp.o)
 .bss           0x000000003ffefc18        0x0 /opt/esp-open-sdk/sdk/lib/libnet80211.a(ieee80211_ie_vendor.o)
 *fill*         0x000000003ffefc18        0x8 
 .bss           0x000000003ffefc20       0x38 /opt/esp-open-sdk/sdk/lib/liblwip.a(dhcp.o)
                0x000000003ffefc20                dhcp_rx_options_given
                0x000000003ffefc30                dhcp_rx_options_val
 .bss           0x000000003ffefc58       0x24 /opt/esp-open-sdk/sdk/lib/liblwip.a(dhcpserver.o)
 *fill*         0x000000003ffefc7c        0x4 
 .bss           0x000000003ffefc80      0x480 /opt/esp-open-sdk/sdk/lib/liblwip.a(dns.o)
 .bss           0x000000003fff0100      0x104 /opt/esp-open-sdk/sdk/lib/liblwip.a(espconn.o)
                0x000000003fff0100                plink_active
                0x000000003fff0104                pserver_list
                0x000000003fff0110                premot
                0x000000003fff01d0                pktinfo
 *fill*         0x000000003fff0204        0xc 
 .bss           0x000000003fff0210       0x78 /opt/esp-open-sdk/sdk/lib/liblwip.a(espconn_tcp.o)
                0x000000003fff0210                espconn_TaskQueue
 .bss           0x000000003fff0288        0x0 /opt/esp-open-sdk/sdk/lib/liblwip.a(espconn_udp.o)
 *fill*         0x000000003fff0288        0x8 
 .bss           0x000000003fff0290      0x100 /opt/esp-open-sdk/sdk/lib/liblwip.a(etharp.o)
                0x000000003fff0294                ethzero
 .bss           0x000000003fff0390        0xc /opt/esp-open-sdk/sdk/lib/liblwip.a(igmp.o)
 .bss           0x000000003fff039c        0x0 /opt/esp-open-sdk/sdk/lib/liblwip.a(inet_chksum.o)
 .bss           0x000000003fff039c        0x0 /opt/esp-open-sdk/sdk/lib/liblwip.a(init.o)
 *fill*         0x000000003fff039c        0x4 
 .bss           0x000000003fff03a0       0x10 /opt/esp-open-sdk/sdk/lib/liblwip.a(ip_addr.o)
 .bss           0x000000003fff03b0       0x12 /opt/esp-open-sdk/sdk/lib/liblwip.a(ip.o)
                0x000000003fff03b0                current_iphdr_dest
                0x000000003fff03b4                current_iphdr_src
                0x000000003fff03b8                current_netif
                0x000000003fff03bc                current_header
 .bss           0x000000003fff03c2        0x0 /opt/esp-open-sdk/sdk/lib/liblwip.a(memp.o)
 *fill*         0x000000003fff03c2        0x2 
 .bss           0x000000003fff03c4        0x9 /opt/esp-open-sdk/sdk/lib/liblwip.a(netif.o)
                0x000000003fff03c4                netif_list
                0x000000003fff03c8                netif_default
 .bss           0x000000003fff03cd        0x0 /opt/esp-open-sdk/sdk/lib/liblwip.a(pbuf.o)
 *fill*         0x000000003fff03cd        0x3 
 .bss           0x000000003fff03d0        0x4 /opt/esp-open-sdk/sdk/lib/liblwip.a(raw.o)
 .bss           0x000000003fff03d4       0x34 /opt/esp-open-sdk/sdk/lib/liblwip.a(tcp_in.o)
                0x000000003fff0404                tcp_input_pcb
 .bss           0x000000003fff0408       0x1c /opt/esp-open-sdk/sdk/lib/liblwip.a(tcp.o)
                0x000000003fff040c                tcp_active_pcbs
                0x000000003fff0410                tcp_tmp_pcb
                0x000000003fff0414                tcp_tw_pcbs
                0x000000003fff0418                tcp_bound_pcbs
                0x000000003fff041c                tcp_listen_pcbs
                0x000000003fff0420                tcp_ticks
 .bss           0x000000003fff0424        0x0 /opt/esp-open-sdk/sdk/lib/liblwip.a(tcp_out.o)
 .bss           0x000000003fff0424        0xc /opt/esp-open-sdk/sdk/lib/liblwip.a(timers.o)
 .bss           0x000000003fff0430        0x4 /opt/esp-open-sdk/sdk/lib/liblwip.a(udp.o)
                0x000000003fff0430                udp_pcbs
 .bss           0x000000003fff0434        0x0 /opt/esp-open-sdk/sdk/lib/liblwip.a(espconn_buf.o)
 .bss           0x000000003fff0434        0x0 /opt/esp-open-sdk/sdk/lib/liblwip.a(icmp.o)
 .bss           0x000000003fff0434        0x0 /opt/esp-open-sdk/sdk/lib/libwpa.a(ap_config.o)
 .bss           0x000000003fff0434        0x0 /opt/esp-open-sdk/sdk/lib/libwpa.a(common.o)
 .bss           0x000000003fff0434        0x0 /opt/esp-open-sdk/sdk/lib/libwpa.a(os_xtensa.o)
 .bss           0x000000003fff0434        0x0 /opt/esp-open-sdk/sdk/lib/libwpa.a(wpa_auth.o)
 .bss           0x000000003fff0434        0x0 /opt/esp-open-sdk/sdk/lib/libwpa.a(wpa_auth_ie.o)
 *fill*         0x000000003fff0434        0xc 
 .bss           0x000000003fff0440      0x26a /opt/esp-open-sdk/sdk/lib/libwpa.a(wpa.o)
 .bss           0x000000003fff06aa        0x0 /opt/esp-open-sdk/sdk/lib/libwpa.a(wpa_common.o)
 .bss           0x000000003fff06aa        0x0 /opt/esp-open-sdk/sdk/lib/libwpa.a(wpa_debug.o)
 .bss           0x000000003fff06aa        0x0 /opt/esp-open-sdk/sdk/lib/libwpa.a(wpa_ie.o)
 .bss           0x000000003fff06aa        0x0 /opt/esp-open-sdk/sdk/lib/libwpa.a(wpa_main.o)
 .bss           0x000000003fff06aa        0x0 /opt/esp-open-sdk/sdk/lib/libwpa.a(wpas_glue.o)
 .bss           0x000000003fff06aa        0x0 /opt/esp-open-sdk/sdk/lib/libwpa.a(aes-wrap.o)
 .bss           0x000000003fff06aa        0x0 /opt/esp-open-sdk/sdk/lib/libwpa.a(aes-internal-enc.o)
 .bss           0x000000003fff06aa        0x0 /opt/esp-open-sdk/sdk/lib/libwpa.a(aes-internal.o)
 .bss           0x000000003fff06aa        0x0 /opt/esp-open-sdk/sdk/lib/libjson.a(jsontree.o)
 .bss           0x000000003fff06aa        0x0 /opt/esp-open-sdk/xtensa-lx106-elf/lib/gcc/xtensa-lx106-elf/4.8.5/../../../../xtensa-lx106-elf/lib/libc.a(lib_a-memchr.o)
 .bss           0x000000003fff06aa        0x0 /opt/esp-open-sdk/sdk/lib/libgcc.a(_modsi3.o)
 .bss           0x000000003fff06aa        0x0 /opt/esp-open-sdk/sdk/lib/libgcc.a(_ashrdi3.o)
 .bss           0x000000003fff06aa        0x0 /opt/esp-open-sdk/sdk/lib/libgcc.a(_mulsf3.o)
 .bss           0x000000003fff06aa        0x0 /opt/esp-open-sdk/sdk/lib/libgcc.a(_divsf3.o)
 .bss           0x000000003fff06aa        0x0 /opt/esp-open-sdk/sdk/lib/libgcc.a(_fixsfsi.o)
 *fill*         0x000000003fff06aa        0x6 
 .bss           0x000000003fff06b0        0x8 /opt/esp-open-sdk/sdk/lib/libnet80211.a(ieee80211_crypto_tkip.o)
 .bss           0x000000003fff06b8        0x0 /opt/esp-open-sdk/sdk/lib/libnet80211.a(ieee80211_crypto_wep.o)
 *(.bss.*)
 *(.gnu.linkonce.b.*)
 *(COMMON)
                0x000000003fff06b8                . = ALIGN (0x8)
                0x000000003fff06b8                _bss_end = ABSOLUTE (.)
                0x000000003fff06b8                _heap_start = ABSOLUTE (.)

.irom0.text     0x0000000040211000    0x303f4
                0x0000000040211000                _irom0_text_start = ABSOLUTE (.)
 *libmbedtls.a:(.literal .text .literal.* .text.*)
 *(.irom0.literal .irom.literal .irom.text.literal .irom0.text .irom.text)
 .irom0.text    0x0000000040211000      0xce5 /opt/esp-open-sdk/sdk/lib/libmain.a(app_main.o)
                                        0xf3d (size before relaxing)
                0x00000000402112d4                wdt_init
                0x000000004021137c                user_uart_wait_tx_fifo_empty
                0x0000000040211630                user_rf_pre_init
                0x0000000040211638                system_phy_freq_trace_enable
                0x0000000040211650                flash_data_check
 *fill*         0x0000000040211ce5        0x3 
 .irom0.text    0x0000000040211ce8      0x186 /opt/esp-open-sdk/sdk/lib/libmain.a(ets_timer.o)
                                        0x1b2 (size before relaxing)
                0x0000000040211cf0                ets_timer_done
                0x0000000040211d3c                ets_timer_handler_isr
                0x0000000040211e0c                ets_timer_init
 *fill*         0x0000000040211e6e        0x2 
 .irom0.text    0x0000000040211e70       0xf0 /opt/esp-open-sdk/sdk/lib/libmain.a(mem_manager.o)
                                         0xf8 (size before relaxing)
                0x0000000040211e70                check_memleak_debug_enable
                0x0000000040211ee0                xPortGetFreeHeapSize
                0x0000000040211ee8                vPortInitialiseBlocks
 .irom0.text    0x0000000040211f60        0xb /opt/esp-open-sdk/sdk/lib/libmain.a(spi_flash.o)
                0x0000000040211f64                spi_flash_set_read_func
 *fill*         0x0000000040211f6b        0x1 
 .irom0.text    0x0000000040211f6c     0x3d2d /opt/esp-open-sdk/sdk/lib/libmain.a(user_interface.o)
                                       0x48dd (size before relaxing)
                0x0000000040211f70                system_set_os_print
                0x0000000040211f80                system_get_os_print
                0x0000000040212148                system_pp_recycle_rx_pkt
                0x0000000040212164                system_adc_read
                0x00000000402121a4                system_adc_read_fast
                0x0000000040212204                system_get_vdd33
                0x0000000040212230                system_restart_hook
                0x0000000040212248                system_restart_local
                0x0000000040212328                system_restart
                0x0000000040212388                system_restore
                0x00000000402123f0                system_get_flash_size_map
                0x0000000040212410                system_get_boot_version
                0x0000000040212448                system_get_test_result
                0x0000000040212470                system_get_userbin_addr
                0x0000000040212508                system_get_boot_mode
                0x0000000040212538                system_restart_enhance
                0x00000000402126e4                system_upgrade_userbin_set
                0x0000000040212730                system_upgrade_userbin_check
                0x0000000040212770                system_upgrade_flag_set
                0x0000000040212784                system_upgrade_flag_check
                0x00000000402127ac                system_upgrade_reboot
                0x000000004021290c                system_deep_sleep_instant
                0x0000000040212aa4                system_deep_sleep
                0x0000000040212b04                system_deep_sleep_set_option
                0x0000000040212b20                system_phy_temperature_alert
                0x0000000040212b34                system_phy_set_max_tpw
                0x0000000040212b48                system_phy_set_tpw_via_vdd33
                0x0000000040212b5c                system_phy_set_rfoption
                0x0000000040212b70                system_phy_set_powerup_option
                0x0000000040212b88                system_update_cpu_freq
                0x0000000040212be4                system_get_cpu_freq
                0x0000000040212bfc                system_overclock
                0x0000000040212c28                system_restoreclock
                0x0000000040212c58                system_timer_reinit
                0x0000000040212c70                system_relative_time
                0x0000000040212c94                system_station_got_ip_set
                0x0000000040212dc0                system_print_meminfo
                0x0000000040212e20                system_get_free_heap_size
                0x0000000040212e34                system_get_chip_id
                0x0000000040212e58                system_rtc_clock_cali_proc
                0x0000000040212e6c                system_get_rtc_time
                0x0000000040212e80                system_mktime
                0x0000000040212f50                system_init_done_cb
                0x0000000040212f58                system_get_rst_info
                0x0000000040212f60                system_get_data_of_array_8
                0x0000000040212f84                system_get_data_of_array_16
                0x0000000040212fac                system_get_string_from_flash
                0x0000000040213018                wifi_softap_dhcps_start
                0x0000000040213060                wifi_softap_dhcps_stop
                0x00000000402130a0                wifi_softap_dhcps_status
                0x00000000402130a8                wifi_station_dhcpc_start
                0x0000000040213100                wifi_station_dhcpc_stop
                0x0000000040213140                wifi_station_dhcpc_event
                0x00000000402131b4                wifi_station_dhcpc_set_maxtry
                0x00000000402131c4                wifi_station_dhcpc_status
                0x0000000040213244                wifi_get_opmode
                0x0000000040213258                wifi_get_opmode_default
                0x00000000402132d4                wifi_get_broadcast_if
                0x0000000040213310                wifi_set_broadcast_if
                0x000000004021348c                wifi_set_opmode
                0x00000000402134a0                wifi_set_opmode_current
                0x00000000402134b4                system_get_checksum
                0x00000000402134fc                wifi_param_save_protect_with_check
                0x00000000402135bc                system_param_save_with_protect
                0x0000000040213670                system_save_sys_param
                0x000000004021369c                system_param_load
                0x00000000402137d8                wifi_station_get_config
                0x00000000402137ec                wifi_station_get_config_default
                0x000000004021380c                wifi_station_get_ap_info
                0x00000000402138c4                wifi_station_ap_number_set
                0x0000000040213d7c                wifi_station_set_config
                0x0000000040213d94                wifi_station_set_config_current
                0x0000000040213dac                wifi_station_restore_config
                0x0000000040213dc4                wifi_station_get_current_ap_id
                0x0000000040213dd8                wifi_station_ap_check
                0x0000000040213e28                wifi_station_ap_change
                0x0000000040213f40                wifi_station_scan
                0x0000000040213f8c                wifi_station_get_auto_connect
                0x0000000040213fac                wifi_station_set_auto_connect
                0x0000000040214064                wifi_station_save_pmk2cache
                0x0000000040214194                wifi_station_save_bssid
                0x0000000040214234                wifi_station_connect
                0x00000000402142c8                wifi_station_disconnect
                0x0000000040214388                wifi_station_get_connect_status
                0x00000000402143b8                wifi_station_set_reconnect_policy
                0x00000000402143d0                wifi_station_get_reconnect_policy
                0x00000000402143d8                wifi_station_get_rssi
                0x0000000040214428                wifi_station_set_default_hostname
                0x0000000040214490                wifi_station_get_hostname
                0x00000000402144c0                wifi_station_set_hostname
                0x0000000040214560                wifi_softap_cacl_mac
                0x00000000402145d0                wifi_softap_set_default_ssid
                0x00000000402147b0                wifi_softap_get_config
                0x00000000402147c4                wifi_softap_get_config_default
                0x0000000040214b00                wifi_softap_set_config
                0x0000000040214b14                wifi_softap_set_config_current
                0x0000000040214b28                wifi_softap_set_station_info
                0x0000000040214b98                wifi_softap_get_station_info
                0x0000000040214c44                wifi_softap_free_station_info
                0x0000000040214c84                wifi_softap_get_station_num
                0x0000000040214cd8                wifi_softap_deauth
                0x0000000040214d88                wifi_softap_get_beacon_only_mode
                0x0000000040214d9c                wifi_softap_set_beacon_only_mode
                0x0000000040214e00                wifi_register_user_ie_manufacturer_recv_cb
                0x0000000040214e14                wifi_unregister_user_ie_manufacturer_recv_cb
                0x0000000040214e44                wifi_set_user_ie
                0x0000000040214f54                wifi_get_user_ie
                0x0000000040214f88                wifi_get_phy_mode
                0x0000000040214f9c                wifi_set_phy_mode
                0x0000000040215150                wifi_check_regdomain_param
                0x00000000402151d4                wifi_regdomain_need_update
                0x00000000402152b0                wifi_set_regdomain
                0x00000000402153e8                wifi_get_regdomain
                0x0000000040215498                wifi_set_sleep_type
                0x00000000402154b8                wifi_enable_gpio_wakeup
                0x00000000402154e4                wifi_disable_gpio_wakeup
                0x00000000402154fc                wifi_get_sleep_type
                0x0000000040215514                wifi_get_channel
                0x000000004021552c                wifi_set_channel
                0x0000000040215584                wifi_promiscuous_set_mac
                0x00000000402155e4                wifi_promiscuous_enable
                0x00000000402156c8                wifi_set_promiscuous_rx_cb
                0x00000000402156d8                wifi_get_ip_info
                0x0000000040215758                wifi_set_ip_info
                0x00000000402157cc                wifi_get_macaddr
                0x000000004021582c                wifi_set_macaddr
                0x0000000040215948                wifi_enable_6m_rate
                0x0000000040215950                wifi_get_user_fixed_rate
                0x0000000040215970                wifi_set_user_fixed_rate
                0x0000000040215990                wifi_set_user_sup_rate
                0x00000000402159cc                wifi_set_user_rate_limit
                0x00000000402159f0                wifi_get_user_limit_rate_mask
                0x00000000402159f8                wifi_set_user_limit_rate_mask
                0x0000000040215a10                wifi_register_send_pkt_freedom_cb
                0x0000000040215a24                wifi_unregister_send_pkt_freedom_cb
                0x0000000040215a30                wifi_send_pkt_freedom
                0x0000000040215a7c                wifi_rfid_locp_recv_open
                0x0000000040215a90                wifi_rfid_locp_recv_close
                0x0000000040215aa4                wifi_register_rfid_locp_recv_cb
                0x0000000040215ab8                wifi_unregister_rfid_locp_recv_cb
                0x0000000040215ad0                wifi_status_led_install
                0x0000000040215b04                wifi_status_led_uninstall
                0x0000000040215b28                wifi_set_status_led_output_level
                0x0000000040215b7c                wifi_set_event_handler_cb
                0x0000000040215bc4                system_os_task
                0x0000000040215c00                system_uart_swap
                0x0000000040215c60                system_uart_de_swap
                0x0000000040215c94                system_get_sdk_version
 *fill*         0x0000000040215c99        0x3 
 .irom0.text    0x0000000040215c9c      0x610 /opt/esp-open-sdk/sdk/lib/libmain.a(eagle_lib.o)
                                        0x620 (size before relaxing)
                0x0000000040215ca0                divide
                0x0000000040215cdc                skip_atoi
                0x0000000040215e5c                ets_vsnprintf
                0x00000000402161bc                ets_vsprintf
                0x00000000402161e0                ets_sprintf
                0x0000000040216208                ets_strcat
                0x0000000040216228                ets_strrchr
                0x0000000040216254                ets_strchr
                0x000000004021626c                bit_popcount
                0x0000000040216288                ets_snprintf
 .irom0.text    0x00000000402162ac      0x31e /opt/esp-open-sdk/sdk/lib/libmain.a(eagle_lwip_if.o)
                                        0x3e6 (size before relaxing)
                0x0000000040216364                eagle_lwip_if_alloc
                0x0000000040216524                eagle_lwip_if_free
                0x00000000402165a8                eagle_lwip_getif
 *fill*         0x00000000402165ca        0x2 
 .irom0.text    0x00000000402165cc      0x13a build/app_app.a(user_main.o)
                                        0x18a (size before relaxing)
                0x00000000402165ec                led_demo_cb
                0x00000000402166a0                user_init
 *fill*         0x0000000040216706        0x2 
 .irom0.text    0x0000000040216708      0x5cf build/app_app.a(esp_nano_httpd.o)
                                        0x6ff (size before relaxing)
                0x000000004021680c                send_http_response
                0x000000004021691c                resp_http_ok
                0x0000000040216940                resp_http_404
                0x0000000040216978                resp_http_error
                0x0000000040216bd4                send_html
                0x0000000040216bf0                esp_nano_httpd_register_content
                0x0000000040216c08                esp_nano_httpd_init
 *fill*         0x0000000040216cd7        0x1 
 .irom0.text    0x0000000040216cd8      0x39e build/app_app.a(nano_httpd_wifi_util.o)
                                        0x482 (size before relaxing)
                0x0000000040216cdc                json_putchar
                0x0000000040216ee0                wifi_callback
 *fill*         0x0000000040217076        0x2 
 .irom0.text    0x0000000040217078      0x48d /opt/esp-open-sdk/sdk/lib/libpp.a(if_hwctrl.o)
                                        0x5bd (size before relaxing)
                0x0000000040217098                ic_get_addr
                0x00000000402170a4                ic_set_opmode
                0x00000000402170b8                ic_enable_interface
                0x0000000040217108                ic_interface_enabled
                0x000000004021711c                ic_disable_interface
                0x0000000040217164                ic_is_pure_sta
                0x0000000040217180                ic_get_ptk_alg
                0x0000000040217190                ic_get_gtk_alg
                0x00000000402171a0                ic_set_ptk_alg
                0x00000000402171b0                ic_set_gtk_alg
                0x00000000402171c0                ic_interface_is_p2p
                0x0000000040217258                ic_set_vif
                0x0000000040217314                ic_set_sta
                0x0000000040217414                ic_bss_info_update
                0x0000000040217470                ic_set_key
                0x00000000402174cc                ic_remove_key
                0x00000000402174e0                ic_get_rssi
 *fill*         0x0000000040217505        0x3 
 .irom0.text    0x0000000040217508      0x104 /opt/esp-open-sdk/sdk/lib/libpp.a(lmac.o)
                                        0x118 (size before relaxing)
                0x000000004021750c                lmacInitAc
                0x0000000040217540                lmacInit
                0x00000000402175f0                lmacSetRetryLimit
 .irom0.text    0x000000004021760c     0x1ac1 /opt/esp-open-sdk/sdk/lib/libpp.a(pm.o)
                                       0x2045 (size before relaxing)
                0x0000000040217610                pm_set_gpio_wakeup_pin
                0x0000000040217648                pm_clear_gpio_wakeup_pin
                0x0000000040217658                pm_is_gpio_int_trig
                0x0000000040217670                pm_rtc_clock_cali_proc
                0x00000000402176a8                pm_get_ck170_period
                0x00000000402176cc                pm_set_sleep_time
                0x0000000040217a44                pm_rf_is_closed
                0x0000000040217a74                pm_set_sleep_type_from_upper
                0x0000000040217b64                pm_get_sleep_type
                0x0000000040217d24                uart_tx_flush
                0x0000000040217d28                pm_suspend
                0x0000000040217f50                pm_shutdown
                0x0000000040218030                pm_reset_idle_sleep
                0x0000000040218070                pm_idle_sleep
                0x0000000040218084                pm_open
                0x0000000040218188                pm_onBcnRx
                0x000000004021851c                StopLightSleepSetFunc
                0x0000000040218524                LightSleepWakedCbSetFunc
                0x0000000040218af4                pm_enable_gpio_wakeup
                0x0000000040218b30                pm_attach
                0x0000000040218c38                pm_send_nullfunc
                0x0000000040218ddc                pm_is_waked
                0x0000000040218df4                pm_is_open
                0x0000000040218e0c                pm_scan_lock
                0x0000000040218e34                pm_try_scan_unlock
                0x0000000040218e4c                pm_force_scan_unlock
                0x0000000040218ef0                pm_scan_unlocked
                0x0000000040218f04                pm_allow_tx
                0x0000000040218f20                pm_assoc_parse
                0x0000000040218f38                pm_set_addr
                0x0000000040218f58                pm_sleep_for
                0x0000000040218f88                pm_post
                0x000000004021908c                pm_get_idle_wait_time
 *fill*         0x00000000402190cd        0x3 
 .irom0.text    0x00000000402190d0      0xb38 /opt/esp-open-sdk/sdk/lib/libpp.a(pm_for_bcn_only_mode.o)
                                        0xee4 (size before relaxing)
                0x00000000402190e4                wifi_fpm_set_sleep_type
                0x00000000402190e4                fpm_set_type_from_upper
                0x00000000402191a0                wifi_fpm_get_sleep_type
                0x00000000402191a0                fpm_get_slp_type
                0x00000000402191a8                fpm_rf_is_closed
                0x00000000402191bc                fpm_is_open
                0x00000000402191c8                fpm_allow_tx
                0x00000000402191f0                wifi_fpm_close
                0x00000000402191f0                fpm_close
                0x0000000040219280                wifi_fpm_open
                0x0000000040219280                fpm_open
                0x0000000040219304                fpm_attach
                0x00000000402194b4                wifi_fpm_set_wakeup_cb
                0x00000000402194b4                fpm_set_wakeup_cb
                0x00000000402195f0                wifi_fpm_do_wakeup
                0x00000000402195f0                fpm_do_wakeup
                0x0000000040219b20                fpm_do_sleep
                0x0000000040219b20                wifi_fpm_do_sleep
                0x0000000040219bc0                fpm_auto_sleep_set_in_null_mode
                0x0000000040219bc0                wifi_fpm_auto_sleep_set_in_null_mode
                0x0000000040219c00                get_fpm_auto_sleep_flag
 .irom0.text    0x0000000040219c08     0x15ce /opt/esp-open-sdk/sdk/lib/libpp.a(pp.o)
                                       0x19a2 (size before relaxing)
                0x0000000040219c14                PPWdtReset
                0x0000000040219c48                pp_soft_wdt_init
                0x0000000040219c68                system_soft_wdt_feed
                0x0000000040219c68                pp_soft_wdt_feed
                0x0000000040219c84                pp_soft_wdt_stop
                0x0000000040219c84                system_soft_wdt_stop
                0x0000000040219cb0                pp_soft_wdt_restart
                0x0000000040219cb0                system_soft_wdt_restart
                0x0000000040219ce8                RxNodeNum
                0x0000000040219d00                TxNodeNum
                0x0000000040219d24                pp_disable_noise_timer
                0x0000000040219d44                pp_enable_noise_timer
                0x0000000040219e54                pp_noise_test
                0x0000000040219e64                reset_noise_timer
                0x0000000040219e9c                pp_disable_idle_timer
                0x0000000040219ec0                pp_enable_idle_timer
                0x0000000040219ee8                pp_try_enable_idle_timer
                0x0000000040219f24                ppPeocessRxPktHdr
                0x000000004021a258                HdlAllBuffedEb
                0x000000004021a2e0                ppTxPkt
                0x000000004021a458                ppProcessWaitQ
                0x000000004021a468                ppRegisterTxCallback
                0x000000004021a490                ppUnregisterTxCallback
                0x000000004021a4c4                ppRecycleRxPkt
                0x000000004021a524                ppCheckTxIdle
                0x000000004021a7a0                pp_tx_idle_timeout
                0x000000004021a964                DefFreqCalTimerCB
                0x000000004021ace0                ppGetTxQFirstAvail_Locked
                0x000000004021adc4                pp_attach
 *fill*         0x000000004021b1d6        0x2 
 .irom0.text    0x000000004021b1d8      0x29e /opt/esp-open-sdk/sdk/lib/libpp.a(rate_control.o)
                                        0x2a2 (size before relaxing)
                0x000000004021b42c                RC_SetBasicRate
 *fill*         0x000000004021b476        0x2 
 .irom0.text    0x000000004021b478      0x5e9 /opt/esp-open-sdk/sdk/lib/libpp.a(trc.o)
                                        0x64d (size before relaxing)
                0x000000004021b478                phytype2mode
                0x000000004021b494                rc_set_rate_limit_id
                0x000000004021b5b0                rcUpdatePhyMode
                0x000000004021b77c                rcAttach
                0x000000004021b7c8                rcGetTrc
                0x000000004021b7d0                trc_onDisconnect
                0x000000004021b7d4                trc_onScanStart
                0x000000004021b7e8                trc_onScanDone
                0x000000004021b804                rc_enable_trc
                0x000000004021b8dc                rc_get_mask
                0x000000004021b8f0                rc_disable_trc
                0x000000004021b944                rc_disable_trc_by_interface
                0x000000004021b960                rc_get_sta_trc
                0x000000004021b9a4                rc_get_trc
                0x000000004021ba14                rc_get_trc_by_index
                0x000000004021ba34                rc_only_sta_trc
 *fill*         0x000000004021ba61        0x3 
 .irom0.text    0x000000004021ba64      0xbe7 /opt/esp-open-sdk/sdk/lib/libpp.a(wdev.o)
                                        0xd43 (size before relaxing)
                0x000000004021ba78                wDev_Option_Init
                0x000000004021bb6c                wDev_Enable_Beacon_Tsf
                0x000000004021bb88                wDev_Disable_Beacon_Tsf
                0x000000004021bba4                wDev_Set_Beacon_Int
                0x000000004021bbac                wDev_Reset_TBTT
                0x000000004021bbdc                wDev_Get_Next_TBTT
                0x000000004021be5c                wDev_Initialize
                0x000000004021becc                wDevForceAck6M
                0x000000004021bee8                wDev_SetMacAddress
                0x000000004021bf84                wDev_SetRxPolicy
                0x000000004021bfd8                wDev_EnableUcRx
                0x000000004021c004                wDev_DisableUcRx
                0x000000004021c030                wDev_SetBssid
                0x000000004021c108                wDev_ClearBssid
                0x000000004021c13c                wDev_Is_Mac_Key_Exist
                0x000000004021c1c8                wDev_Insert_KeyEntry
                0x000000004021c2b8                wDev_remove_KeyEntry
                0x000000004021c2f4                wDev_remove_KeyEntry_all_cnx
                0x000000004021c340                wDev_Crypto_Conf
                0x000000004021c3e0                wDev_Crypto_Disable
                0x000000004021c418                wDevEnableRx
                0x000000004021c444                wdev_go_sniffer
                0x000000004021c520                wdev_set_sniffer_addr
                0x000000004021c57c                wdev_exit_sniffer
 *fill*         0x000000004021c64b        0x1 
 .irom0.text    0x000000004021c64c      0x3f5 /opt/esp-open-sdk/sdk/lib/libpp.a(esf_buf.o)
                                        0x4c1 (size before relaxing)
                0x000000004021c65c                esf_buf_alloc
                0x000000004021c844                esf_buf_recycle
                0x000000004021c984                esf_buf_setup
 *fill*         0x000000004021ca41        0x3 
 .irom0.text    0x000000004021ca44       0xfa /opt/esp-open-sdk/sdk/lib/libphy.a(phy.o)
                                        0x11e (size before relaxing)
                0x000000004021ca48                rf_init
                0x000000004021ca64                bb_init
                0x000000004021ca7c                phy_init
                0x000000004021caac                RFChannelSel
                0x000000004021cac8                phy_delete_channel
                0x000000004021cae0                phy_enable_agc
                0x000000004021caf8                phy_disable_agc
                0x000000004021cb10                phy_initialize_bb
                0x000000004021cb28                phy_set_sense
 *fill*         0x000000004021cb3e        0x2 
 .irom0.text    0x000000004021cb40     0x175f /opt/esp-open-sdk/sdk/lib/libphy.a(phy_chip_v6_ana.o)
                                       0x197f (size before relaxing)
                0x000000004021cb40                ram_pbus_set_rxgain
                0x000000004021cc10                ram_pbus_debugmode
                0x000000004021ccc4                ram_pbus_xpd_tx_on
                0x000000004021cd30                set_rf_freq_offset
                0x000000004021cda0                chip_v6_rxmax_ext_ana
                0x000000004021cef4                ram_chip_v6_rx_init
                0x000000004021cf24                tsen_meas
                0x000000004021cfd4                readvdd33
                0x000000004021d19c                txpwr_offset
                0x000000004021d258                set_txcap_reg
                0x000000004021d2d8                ram_ana_inf_gating_en
                0x000000004021d438                ram_restart_cal
                0x000000004021d4a4                wait_rfpll_cal_end
                0x000000004021d53c                ram_rfpll_set_freq
                0x000000004021d644                ram_set_channel_freq
                0x000000004021d940                chip_60_set_channel
                0x000000004021dae0                chip_v6_set_chan_offset
                0x000000004021db3c                chip_v6_set_chan
                0x000000004021dbec                chip_v6_set_chan_wakeup
                0x000000004021dc6c                chip_v6_rf_init
                0x000000004021ded0                low_power_set
                0x000000004021df20                test_tout
                0x000000004021e098                check_data_flag
                0x000000004021e0b8                phy_get_check_flag
                0x000000004021e1ec                phy_get_vdd33
 *fill*         0x000000004021e29f        0x1 
 .irom0.text    0x000000004021e2a0     0x3e30 /opt/esp-open-sdk/sdk/lib/libphy.a(phy_chip_v6.o)
                                       0x44fc (size before relaxing)
                0x000000004021e2a0                ram_tx_mac_enable
                0x000000004021e2a4                ram_tx_mac_disable
                0x000000004021e2a8                rtc_mem_backup
                0x000000004021e2d8                rtc_mem_recovery
                0x000000004021e308                set_cal_rxdc
                0x000000004021e3bc                set_rx_gain_cal_iq
                0x000000004021e718                gen_rx_gain_table
                0x000000004021e870                pbus_set_rxbbgain
                0x000000004021e8ec                set_rx_gain_testchip_50
                0x000000004021ec20                ram_get_corr_power
                0x000000004021ed10                check_data_func
                0x000000004021ed30                do_noisefloor_lsleep_v50
                0x000000004021ed64                do_noisefloor
                0x000000004021edd4                start_dig_rx
                0x000000004021ee18                stop_dig_rx
                0x000000004021ee44                chip_v6_set_chanfreq
                0x000000004021ee70                tx_cap_init
                0x000000004021f098                target_power_add_backoff
                0x000000004021f0c0                tx_pwctrl_init_cal
                0x000000004021f260                tx_atten_set_interp
                0x000000004021f4c0                check_tx_pwr_cal
                0x000000004021f604                tx_pwctrl_init
                0x000000004021f728                ram_get_noisefloor
                0x000000004021f744                get_noisefloor_sat
                0x000000004021f774                ram_set_noise_floor
                0x000000004021f7cc                ram_start_noisefloor
                0x000000004021f818                read_hw_noisefloor
                0x000000004021f840                noise_check_loop
                0x000000004021f998                noise_init
                0x000000004021fb98                target_power_backoff
                0x000000004021fbec                sdt_on_noise_start
                0x000000004021fc6c                chip_v6_set_chan_rx_cmp
                0x000000004021fdf8                chip_v6_set_chan_misc
                0x000000004021fe8c                phy_dig_spur_set
                0x00000000402201e4                phy_dig_spur_prot
                0x000000004022041c                chip_v6_rxmax_ext_dig
                0x0000000040220468                chip_v6_rxmax_ext
                0x0000000040220510                phy_bb_rx_cfg
                0x0000000040220928                uart_wait_idle
                0x000000004022095c                phy_pbus_soc_cfg
                0x0000000040220a14                phy_gpio_cfg
                0x0000000040220c28                tx_cont_en
                0x0000000040220cd0                tx_cont_dis
                0x0000000040220d24                tx_cont_cfg
                0x0000000040220d48                chip_v6_initialize_bb
                0x0000000040220eac                periodic_cal
                0x0000000040220ee4                bbpll_cal
                0x0000000040220f8c                periodic_cal_top
                0x0000000040220ff0                register_chipv6_phy_init_param
                0x0000000040221298                change_bbpll160_sleep
                0x0000000040221448                change_bbpll160
                0x0000000040221480                set_crystal_uart
                0x0000000040221510                ant_switch_init
                0x00000000402215c0                reduce_current_init
                0x00000000402216ac                rtc_mem_check
                0x00000000402216e8                phy_afterwake_set_rfoption
                0x0000000040221704                deep_sleep_set_option
                0x0000000040221730                write_data_to_rtc
                0x0000000040221768                get_data_from_rtc
                0x00000000402217ec                register_chipv6_phy
                0x0000000040221c84                set_dpd_bypass
                0x0000000040221cac                set_rf_gain_stage10
                0x0000000040221cdc                get_vdd33_offset
                0x0000000040221d50                get_phy_target_power
                0x0000000040221e00                set_most_pwr_reg
                0x0000000040221ed4                phy_set_most_tpw
                0x0000000040221ef4                phy_vdd33_set_tpw
                0x0000000040221f0c                get_adc_rand
                0x0000000040221f3c                phy_get_rand
                0x0000000040221f58                phy_tx_pwctrl_cali
                0x0000000040221f80                phy_check_data_table
                0x0000000040221fbc                phy_after_init_enrx
                0x0000000040222020                phy_set_rx11b_reg
                0x0000000040222054                phy_set_powerup_option
                0x0000000040222064                phy_get_txpwr_param
                0x00000000402220b0                phy_get_rxnf_param
                0x00000000402220bc                phy_get_freq_param
 .irom0.text    0x00000000402220d0     0x2198 /opt/esp-open-sdk/sdk/lib/libphy.a(phy_chip_v6_cal.o)
                                       0x23d4 (size before relaxing)
                0x00000000402220d0                txbbgain2dcoindex
                0x00000000402220f0                dcoindex2txbbgain
                0x0000000040222114                init_cal_dcoffset
                0x00000000402221d8                set_rfanagain_dc_reg
                0x0000000040222274                set_txdc_pbus
                0x00000000402222e0                get_rf_gain_qdb
                0x0000000040222308                correct_rf_ana_gain
                0x0000000040222410                get_sar_dout
                0x00000000402224a0                cal_rf_ana_gain
                0x00000000402225b8                meas_tone_pwr_db
                0x0000000040222628                tx_pwr_backoff
                0x00000000402227dc                get_fcc_1m2m_pwr_offset
                0x0000000040222818                ram_set_txbb_atten
                0x00000000402228ac                txiq_get_mis_pwr
                0x0000000040222950                txiq_cover
                0x0000000040222b68                ram_rfcal_txiq
                0x0000000040222dd4                rc_cal
                0x0000000040222f94                get_target_power_offset
                0x000000004022309c                get_pwctrl_correct
                0x00000000402230f4                tx_pwctrl_cal
                0x00000000402233f0                tx_pwctrl_bg_init
                0x0000000040223468                tx_pwctrl_background
                0x0000000040223520                read_sar_dout
                0x0000000040223584                ram_get_fm_sar_dout
                0x0000000040223628                ram_cal_tos_v60
                0x00000000402237f8                ram_get_bb_atten
                0x0000000040223828                ram_rfcal_txcap
                0x00000000402239ec                ram_rfcal_pwrctrl
                0x0000000040223c28                ram_rxiq_get_mis
                0x0000000040223df4                ram_rxiq_cover_mg_mp
                0x0000000040223f98                ram_rfcal_rxiq
                0x00000000402241a4                dpd_scale_set
                0x00000000402241ec                dpd_mem_write
 .irom0.text    0x0000000040224268      0xc86 /opt/esp-open-sdk/sdk/lib/libphy.a(phy_sleep.o)
                                        0xe9a (size before relaxing)
                0x0000000040224268                pm_usec2rtc
                0x000000004022429c                pm_rtc2usec
                0x00000000402242ac                pm_set_sleep_cycles
                0x00000000402242d4                pm_sleep_opt
                0x0000000040224428                pm_wakeup_opt
                0x0000000040224460                get_chip_version
                0x00000000402244a0                pm_sleep_opt_bb_off
                0x00000000402244ec                pm_sleep_opt_bb_on
                0x0000000040224540                pm_set_pll_xtal_wait_time
                0x000000004022456c                pm_prepare_to_sleep
                0x0000000040224574                pm_sdio_nidle
                0x00000000402245e8                chg_lslp_mem_opt_8266
                0x0000000040224608                pm_wait4wakeup
                0x0000000040224644                pm_open_rf
                0x0000000040224680                pm_sleep_set_mac
                0x0000000040224704                pm_set_wakeup_mac
                0x000000004022479c                pm_check_mac_idle
                0x00000000402247f4                pm_set_sleep_btco
                0x0000000040224894                pm_set_wakeup_btco
                0x00000000402249ac                pm_set_sleep_mode
                0x0000000040224acc                pm_unmask_bt
                0x0000000040224b38                pm_wakeup_init
                0x0000000040224d94                sleep_opt_8266
                0x0000000040224db4                sleep_opt_bb_on_8266
                0x0000000040224dec                sleep_reset_analog_rtcreg_8266
 *fill*         0x0000000040224eee        0x2 
 .irom0.text    0x0000000040224ef0      0x479 /opt/esp-open-sdk/sdk/lib/libnet80211.a(ieee80211.o)
                                        0x545 (size before relaxing)
                0x0000000040224f74                ieee80211_rate_ref_init
                0x0000000040224f8c                ieee80211_freedom_inside_cb
                0x0000000040224fbc                ieee80211_freedom_init
                0x0000000040224fe0                ieee80211_user_ie_init
                0x0000000040224ffc                ieee80211_ifattach
                0x0000000040225060                ieee80211_mhz2ieee
                0x00000000402250bc                ieee80211_chan2ieee
                0x00000000402250d8                ieee80211_ieee2mhz
                0x0000000040225118                ieee80211_find_channel
                0x0000000040225144                ieee80211_find_channel_byieee
                0x0000000040225194                wifi_mode_set
 *fill*         0x0000000040225369        0x3 
 .irom0.text    0x000000004022536c       0xcf /opt/esp-open-sdk/sdk/lib/libnet80211.a(ieee80211_crypto.o)
                                         0xd7 (size before relaxing)
                0x000000004022536c                ieee80211_crypto_attach
                0x0000000040225370                ieee80211_crypto_available
                0x0000000040225374                ieee80211_crypto_setkey
                0x0000000040225378                ieee80211_crypto_encap
                0x00000000402253d0                ieee80211_crypto_decap
 *fill*         0x000000004022543b        0x1 
 .irom0.text    0x000000004022543c       0x4c /opt/esp-open-sdk/sdk/lib/libnet80211.a(ieee80211_ets.o)
                                         0x50 (size before relaxing)
                0x0000000040225440                ieee80211_getmgtframe
 .irom0.text    0x0000000040225488     0x19f8 /opt/esp-open-sdk/sdk/lib/libnet80211.a(ieee80211_hostap.o)
                                       0x1f3b (size before relaxing)
                0x0000000040225acc                ieee80211_hostap_attach
                0x0000000040225bc8                hostap_handle_timer
                0x0000000040225c60                hostap_input
                0x0000000040226b60                wifi_softap_start
                0x0000000040226ce4                wifi_softap_stop
 *fill*         0x0000000040226e80        0x0 
 .irom0.text    0x0000000040226e80      0xa62 /opt/esp-open-sdk/sdk/lib/libnet80211.a(ieee80211_ht.o)
                                        0xb36 (size before relaxing)
                0x0000000040226e90                ieee80211_ht_attach
                0x0000000040226ee0                ieee80211_ht_node_init
                0x0000000040226f20                ieee80211_ht_node_cleanup
                0x0000000040226f58                ieee80211_parse_htcap
                0x000000004022703c                ieee80211_ht_updateparams
                0x000000004022714c                ieee80211_setup_htrates
                0x0000000040227218                ieee80211_setup_basic_htrates
                0x0000000040227550                ieee80211_add_htcap
                0x000000004022756c                ieee80211_add_htcap_vendor
                0x000000004022768c                ieee80211_add_htinfo
                0x00000000402276a8                ieee80211_add_htinfo_vendor
 *fill*         0x00000000402278e2        0x2 
 .irom0.text    0x00000000402278e4      0xae0 /opt/esp-open-sdk/sdk/lib/libnet80211.a(ieee80211_input.o)
                                        0xb70 (size before relaxing)
                0x00000000402278e4                ieee80211_deliver_data
                0x0000000040227938                ieee80211_decap
                0x0000000040227a3c                ieee80211_setup_rates
                0x0000000040227aac                ieee80211_alloc_challenge
                0x0000000040227aec                ieee80211_parse_beacon
                0x0000000040228110                ieee80211_parse_wpa
                0x0000000040228224                ieee80211_parse_rsn
                0x0000000040228324                ieee80211_parse_action
                0x00000000402283c0                ieee80211_setup_rateset
 .irom0.text    0x00000000402283c4      0x2a6 /opt/esp-open-sdk/sdk/lib/libnet80211.a(ieee80211_mesh_quick.o)
                                        0x302 (size before relaxing)
                0x00000000402283d0                ieee80211_mesh_quick_init
                0x0000000040228440                ieee80211_mesh_quick_deinit
                0x0000000040228470                ieee80211_mesh_quick_set
                0x000000004022856c                ieee80211_mesh_quick_get
                0x0000000040228638                ieee80211_mesh_quick_ie_add
 *fill*         0x000000004022866a        0x2 
 .irom0.text    0x000000004022866c     0x1e44 /opt/esp-open-sdk/sdk/lib/libnet80211.a(ieee80211_output.o)
                                       0x220c (size before relaxing)
                0x0000000040228670                ieee80211_output_pbuf
                0x00000000402288e0                ieee80211_send_setup
                0x0000000040228a14                ieee80211_mgmt_output
                0x0000000040228afc                ieee80211_tx_mgt_cb
                0x0000000040228b00                ieee80211_send_nulldata
                0x0000000040228f70                ieee80211_add_rates
                0x0000000040228fc0                ieee80211_add_xrates
                0x00000000402290f0                ieee80211_send_probereq
                0x0000000040229360                ieee80211_getcapinfo
                0x00000000402293bc                ieee80211_send_mgmt
                0x0000000040229968                ieee80211_alloc_proberesp
                0x0000000040229bd0                ieee80211_send_proberesp
                0x0000000040229d18                ieee80211_alloc_deauth
                0x0000000040229d58                ieee80211_send_deauth
                0x0000000040229e94                ieee80211_freedom_output
                0x000000004022a2d4                ieee80211_beacon_alloc
 .irom0.text    0x000000004022a4b0       0xe0 /opt/esp-open-sdk/sdk/lib/libnet80211.a(ieee80211_phy.o)
                                        0x108 (size before relaxing)
                0x000000004022a4b0                ieee80211_phy_init
                0x000000004022a4e4                ieee80211_phy_type_get
                0x000000004022a500                ieee80211_setup_ratetable
 .irom0.text    0x000000004022a590      0x1b6 /opt/esp-open-sdk/sdk/lib/libnet80211.a(ieee80211_power.o)
                                        0x1f2 (size before relaxing)
                0x000000004022a590                ieee80211_psq_init
                0x000000004022a5b0                ieee80211_psq_cleanup
                0x000000004022a5b8                ieee80211_set_tim
                0x000000004022a5f8                ieee80211_pwrsave
                0x000000004022a660                pwrsave_flushq
                0x000000004022a710                ieee80211_node_pwrsave
 *fill*         0x000000004022a746        0x2 
 .irom0.text    0x000000004022a748      0x121 /opt/esp-open-sdk/sdk/lib/libnet80211.a(ieee80211_proto.o)
                                        0x159 (size before relaxing)
                0x000000004022a74c                ieee80211_proto_attach
                0x000000004022a774                ieee80211_set_shortslottime
                0x000000004022a790                ieee80211_iserp_rateset
                0x000000004022a7c4                ieee80211_wme_initparams
                0x000000004022a7c8                ieee80211_wme_updateparams
                0x000000004022a7d0                ieee80211_mlme_connect_bss
 *fill*         0x000000004022a869        0x3 
 .irom0.text    0x000000004022a86c      0x1bc /opt/esp-open-sdk/sdk/lib/libnet80211.a(ieee80211_regdomain.o)
                                        0x1dc (size before relaxing)
                0x000000004022a86c                ieee80211_regdomain_attach
                0x000000004022a874                ieee80211_regdomain_detach
                0x000000004022a89c                ieee80211_alloc_countryie
                0x000000004022a93c                ieee80211_chan_in_regdomain
                0x000000004022a980                ieee80211_update_regdomain
 .irom0.text    0x000000004022aa28       0xaa /opt/esp-open-sdk/sdk/lib/libnet80211.a(ieee80211_rfid.o)
                                         0xd6 (size before relaxing)
                0x000000004022aa28                ieee80211_rfid_locp_recv_open
                0x000000004022aa60                ieee80211_rfid_locp_recv_close
                0x000000004022aa78                ieee80211_rfid_locp_recv_reset
                0x000000004022aa98                ieee80211_rfid_locp_recv
                0x000000004022aab4                register_ieee80211_rfid_locp_recv_cb
                0x000000004022aac8                unregister_ieee80211_rfid_locp_recv_cb
 *fill*         0x000000004022aad2        0x2 
 .irom0.text    0x000000004022aad4      0xf49 /opt/esp-open-sdk/sdk/lib/libnet80211.a(ieee80211_scan.o)
                                       0x129d (size before relaxing)
                0x000000004022aae0                ieee80211_scan_attach
                0x000000004022ab74                scan_start
                0x000000004022ad34                scan_pm_channel_op_cb
                0x000000004022aed4                scan_cancel
                0x000000004022b030                scan_add_bssid
                0x000000004022b054                scan_remove_bssid
                0x000000004022b060                scan_hidden_ssid
                0x000000004022b068                scan_add_probe_ssid
                0x000000004022b0bc                scan_remove_probe_ssid
                0x000000004022b1f8                scan_clear_channles
                0x000000004022b26c                scan_set_desChan
                0x000000004022b278                scan_get_type
                0x000000004022b280                cannel_scan_connect_state
                0x000000004022b298                scan_connect_state